******************************************************************************
                  TI ARM Linker PC v16.9.4                     
******************************************************************************
>> Linked Sat Sep 23 15:11:41 2023

OUTPUT FILE NAME:   <EUI_EME_ARM13_FREERTOS_QUEUE.out>
ENTRY POINT SYMBOL: "_c_int00"  address: 00010779


MEMORY CONFIGURATION

         name            origin    length      used     unused   attr    fill
----------------------  --------  ---------  --------  --------  ----  --------
  FLASH                 00000000   00040000  0001146c  0002eb94  R  X
  SRAM                  20000000   00008000  00005b75  0000248b  RW X


SEGMENT ALLOCATION MAP

run origin  load origin   length   init length attrs members
----------  ----------- ---------- ----------- ----- -------
00000000    00000000    00011470   00011470    r-x
  00000000    00000000    0000026c   0000026c    r-- .intvecs
  0000026c    0000026c    00010918   00010918    r-x .text
  00010b84    00010b84    00000840   00000840    r-- .const
  000113c8    000113c8    000000a8   000000a8    r-- .cinit
20000000    20000000    00005b75   00000000    rw-
  20000000    20000000    0000026c   00000000    rw- .vtable
  2000026c    2000026c    00005618   00000000    rw- .bss
  20005884    20005884    00000200   00000000    rw- .stack
  20005a84    20005a84    000000f1   00000000    rw- .data


SECTION ALLOCATION MAP

 output                                  attributes/
section   page    origin      length       input sections
--------  ----  ----------  ----------   ----------------
.intvecs   0    00000000    0000026c     
                  00000000    0000026c     startup_ccs.obj (.intvecs)

.text      0    0000026c    00010918     
                  0000026c    0000238c     usb.obj (.text)
                  000025f8    00001efc     tasks.obj (.text)
                  000044f4    00001690     sysctl.obj (.text)
                  00005b84    00001570     usbdenum.obj (.text)
                  000070f4    000011f4     gpio.obj (.text)
                  000082e8    0000113e     rtsv7M4_T_le_v4SPD16_eabi.lib : _printfi.obj (.text)
                  00009426    00000002                                   : i_div0.obj (.text)
                  00009428    00000fa8     usbdma.obj (.text)
                  0000a3d0    00000eb4     queue.obj (.text)
                  0000b284    00000d08     timer.obj (.text)
                  0000bf8c    00000b8c     uartstdio.obj (.text)
                  0000cb18    00000a80     uart.obj (.text)
                  0000d598    0000071c     timers.obj (.text)
                  0000dcb4    00000490     interrupt.obj (.text)
                  0000e144    0000042c     rgb.obj (.text)
                  0000e570    000003bc     usbdconfig.obj (.text)
                  0000e92c    00000394     heap_4.obj (.text)
                  0000ecc0    000002de     usbdcdesc.obj (.text)
                  0000ef9e    00000002     rtsv7M4_T_le_v4SPD16_eabi.lib : mpu_init.obj (.text)
                  0000efa0    000002d0     port.obj (.text)
                  0000f270    00000234     main.obj (.text)
                  0000f4a4    000001f4     rtsv7M4_T_le_v4SPD16_eabi.lib : ull_div_t2.obj (.text)
                  0000f698    000001d2     usbdesc.obj (.text)
                  0000f86a    000001b6     rtsv7M4_T_le_v4SPD16_eabi.lib : fd_add_t2.obj (.text)
                  0000fa20    00000136                                   : fd_div_t2.obj (.text)
                  0000fb56    0000012a     list.obj (.text)
                  0000fc80    00000128     buttons.obj (.text)
                  0000fda8    00000124     cpu_usage.obj (.text)
                  0000fecc    000000fc     rtsv7M4_T_le_v4SPD16_eabi.lib : fd_mul_t2.obj (.text)
                  0000ffc8    000000fc                                   : s_scalbn.obj (.text)
                  000100c4    000000ec     usbtick.obj (.text)
                  000101b0    000000da     portasm.obj (.text)
                  0001028a    000000c8     usbulpi.obj (.text)
                  00010352    0000009c     rtsv7M4_T_le_v4SPD16_eabi.lib : memcpy_t2.obj (.text)
                  000103ee    00000086                                   : fd_cmp_t2.obj (.text:__aeabi_cdcmple)
                  00010474    00000086                                   : fd_cmp_t2.obj (.text:__aeabi_cdrcmple)
                  000104fa    0000007a                                   : memset_t2.obj (.text)
                  00010574    00000070                                   : autoinit.obj (.text)
                  000105e4    00000068     RunTimeStatsConfig.obj (.text)
                  0001064c    00000068     rtsv7M4_T_le_v4SPD16_eabi.lib : copy_decompress_lzss.obj (.text:decompress:lzss)
                  000106b4    00000064                                   : s_frexp.obj (.text)
                  00010718    00000060                                   : sprintf.obj (.text)
                  00010778    00000054                                   : boot.obj (.text)
                  000107cc    00000054                                   : exit.obj (.text)
                  00010820    00000054                                   : ltoa.obj (.text)
                  00010874    00000050                                   : fs_toull_t2.obj (.text)
                  000108c4    0000004c                                   : atoi.obj (.text)
                  00010910    0000004c                                   : cpy_tbl.obj (.text)
                  0001095c    00000048                                   : fd_toi_t2.obj (.text)
                  000109a4    00000040                                   : u_divt2.obj (.text)
                  000109e4    0000003e     cpu.obj (.text)
                  00010a22    0000002e     rtsv7M4_T_le_v4SPD16_eabi.lib : i_tofd_t2.obj (.text)
                  00010a50    0000002c     startup_ccs.obj (.text)
                  00010a7c    00000024     RunTimeStatsConfig.obj (.text:GetOverflowCounts)
                  00010aa0    00000024     usbdhandler.obj (.text)
                  00010ac4    0000001c     rtsv7M4_T_le_v4SPD16_eabi.lib : memccpy.obj (.text)
                  00010ae0    00000018                                   : args_main.obj (.text)
                  00010af8    00000016                                   : strchr.obj (.text)
                  00010b0e    00000002                                   : startup.obj (.text)
                  00010b10    00000014                                   : _lock.obj (.text)
                  00010b24    00000014                                   : s_copysign.obj (.text)
                  00010b38    00000014                                   : strcpy.obj (.text)
                  00010b4c    00000014                                   : strlen.obj (.text)
                  00010b60    0000000e                                   : copy_decompress_none.obj (.text:decompress:none)
                  00010b6e    0000000c                                   : copy_zero_init.obj (.text:decompress:ZI)
                  00010b7a    00000006     sysctl.obj (.text:SysCtlDelay)
                  00010b80    00000004     rtsv7M4_T_le_v4SPD16_eabi.lib : pre_init.obj (.text)

.const     0    00010b84    00000840     
                  00010b84    000001b0     sysctl.obj (.const:g_pppui32XTALtoVCO)
                  00010d34    00000101     rtsv7M4_T_le_v4SPD16_eabi.lib : ctype.obj (.const:.string:_ctypes_)
                  00010e35    00000003     --HOLE-- [fill = 0]
                  00010e38    000000d8     gpio.obj (.const:g_ppui32GPIOIntMapSnowflake)
                  00010f10    000000c0     gpio.obj (.const:g_ppui32GPIOIntMapBlizzard)
                  00010fd0    0000009c     interrupt.obj (.const:g_pui32Regs)
                  0001106c    00000090     gpio.obj (.const:g_pui32GPIOBaseAddrs)
                  000110fc    0000006c     sysctl.obj (.const:g_pui32Xtals)
                  00011168    00000060     timer.obj (.const:g_ppui32TimerIntMap)
                  000111c8    00000040     timer.obj (.const:g_ppui32TimerIntMapSnowflake)
                  00011208    00000040     uart.obj (.const:g_ppui32UARTIntMap)
                  00011248    00000040     uart.obj (.const:g_ppui32UARTIntMapSnowflake)
                  00011288    00000034     usbdenum.obj (.const:g_psUSBDStdRequests)
                  000112bc    00000030     sysctl.obj (.const:g_sXTALtoMEMTIM)
                  000112ec    00000020     interrupt.obj (.const:g_pui32Priority)
                  0001130c    00000014     interrupt.obj (.const:g_pui32Dii16Regs)
                  00011320    00000014     interrupt.obj (.const:g_pui32EnRegs)
                  00011334    00000014     interrupt.obj (.const:g_pui32PendRegs)
                  00011348    00000014     interrupt.obj (.const:g_pui32UnpendRegs)
                  0001135c    00000012     uartstdio.obj (.const:.string)
                  0001136e    00000002     --HOLE-- [fill = 0]
                  00011370    0000000c     uartstdio.obj (.const:g_ui32UARTBase)
                  0001137c    0000000c     uartstdio.obj (.const:g_ui32UARTInt)
                  00011388    0000000c     uartstdio.obj (.const:g_ui32UARTPeriph)
                  00011394    00000008     sysctl.obj (.const:g_pui32VCOFrequencies)
                  0001139c    00000008     gpio.obj (.const)
                  000113a4    00000008     port.obj (.const)
                  000113ac    00000008     timer.obj (.const)
                  000113b4    00000008     uart.obj (.const)
                  000113bc    00000004     heap_4.obj (.const)
                  000113c0    00000004     uartstdio.obj (.const)

.cinit     0    000113c8    000000a8     
                  000113c8    00000071     (.cinit..data.load) [load image, compression = lzss]
                  00011439    00000003     --HOLE-- [fill = 0]
                  0001143c    0000000c     (__TI_handler_table)
                  00011448    00000008     (.cinit..bss.load) [load image, compression = zero_init]
                  00011450    00000008     (.cinit..vtable.load) [load image, compression = zero_init]
                  00011458    00000018     (__TI_cinit_table)

.init_array 
*          0    00000000    00000000     UNINITIALIZED

.vtable    0    20000000    0000026c     UNINITIALIZED
                  20000000    0000026c     interrupt.obj (.vtable)

.bss       0    2000026c    00005618     UNINITIALIZED
                  2000026c    00005000     heap_4.obj (.bss:ucHeap)
                  2000526c    00000200     uartstdio.obj (.bss:g_pcUARTRxHistoryBuffer)
                  2000546c    00000140     tasks.obj (.bss:pxReadyTasksLists)
                  200055ac    00000110     usbdma.obj (.bss:g_psUSBDMAInst)
                  200056bc    00000050     (.common:g_psDCDInst)
                  2000570c    00000040     usbdenum.obj (.bss:g_pui8DataBufferIn)
                  2000574c    00000020     uartstdio.obj (.bss:g_usUARTRxHistoryOffset)
                  2000576c    00000018     (.common:g_pfnTickHandlers)
                  20005784    00000018     (.common:g_pvTickInstance)
                  2000579c    00000014     uartstdio.obj (.bss)
                  200057b0    00000014     timers.obj (.bss:xActiveTimerList1)
                  200057c4    00000014     timers.obj (.bss:xActiveTimerList2)
                  200057d8    00000014     tasks.obj (.bss:xDelayedTaskList1)
                  200057ec    00000014     tasks.obj (.bss:xDelayedTaskList2)
                  20005800    00000014     tasks.obj (.bss:xPendingReadyList)
                  20005814    00000014     tasks.obj (.bss:xSuspendedTaskList)
                  20005828    00000014     tasks.obj (.bss:xTasksWaitingTermination)
                  2000583c    0000000c     cpu_usage.obj (.bss)
                  20005848    0000000c     rgb.obj (.bss:g_ui32Colors)
                  20005854    00000008     tasks.obj (.bss)
                  2000585c    00000008     timers.obj (.bss)
                  20005864    00000008     heap_4.obj (.bss:xStart)
                  2000586c    00000004     rgb.obj (.bss)
                  20005870    00000004     usbdenum.obj (.bss)
                  20005874    00000004     (.common:g_ppsDevInfo)
                  20005878    00000004     (.common:g_ui32CPUUsage)
                  2000587c    00000004     (.common:g_ulSystemClock)
                  20005880    00000004     (.common:xQueue)

.stack     0    20005884    00000200     UNINITIALIZED
                  20005884    00000200     --HOLE--

.data      0    20005a84    000000f1     UNINITIALIZED
                  20005a84    0000003c     tasks.obj (.data)
                  20005ac0    00000018     cpu_usage.obj (.data:g_pui32CPUUsageTimerBase)
                  20005ad8    00000018     cpu_usage.obj (.data:g_pui32CPUUsageTimerPeriph)
                  20005af0    00000010     heap_4.obj (.data)
                  20005b00    0000000c     rtsv7M4_T_le_v4SPD16_eabi.lib : exit.obj (.data:$O1$$)
                  20005b0c    0000000c     port.obj (.data)
                  20005b18    0000000c     timers.obj (.data)
                  20005b24    0000000c     uartstdio.obj (.data)
                  20005b30    0000000c     usbtick.obj (.data)
                  20005b3c    00000009     usbmode.obj (.data)
                  20005b45    00000003     buttons.obj (.data)
                  20005b48    00000008     rtsv7M4_T_le_v4SPD16_eabi.lib : _lock.obj (.data:$O1$$)
                  20005b50    00000008     main.obj (.data:sensor_1)
                  20005b58    00000008     main.obj (.data:sensor_2)
                  20005b60    00000008     usbdenum.obj (.data)
                  20005b68    00000004     rgb.obj (.data)
                  20005b6c    00000004     rtsv7M4_T_le_v4SPD16_eabi.lib : errno.obj (.data)
                  20005b70    00000004                                   : stkdepth_vars.obj (.data)
                  20005b74    00000001     main.obj (.data)

MODULE SUMMARY

       Module                     code    ro data   rw data
       ------                     ----    -------   -------
    .\
       startup_ccs.obj            44      620       0      
       main.obj                   564     0         29     
    +--+--------------------------+-------+---------+---------+
       Total:                     608     620       29     
                                                           
    .\FreeRTOS\Source\
       tasks.obj                  7932    0         488    
       queue.obj                  3764    0         0      
       timers.obj                 1820    0         60     
       list.obj                   298     0         0      
    +--+--------------------------+-------+---------+---------+
       Total:                     13814   0         548    
                                                           
    .\FreeRTOS\Source\portable\CCS\ARM_CM4F\
       port.obj                   720     8         12     
       portasm.obj                218     0         0      
    +--+--------------------------+-------+---------+---------+
       Total:                     938     8         12     
                                                           
    .\FreeRTOS\Source\portable\MemMang\
       heap_4.obj                 916     4         20504  
    +--+--------------------------+-------+---------+---------+
       Total:                     916     4         20504  
                                                           
    .\driverlib\
       usb.obj                    9100    0         0      
       sysctl.obj                 5782    596       0      
       gpio.obj                   4596    560       0      
       timer.obj                  3336    168       0      
       uart.obj                   2688    136       0      
       interrupt.obj              1168    268       620    
       cpu.obj                    62      0         0      
    +--+--------------------------+-------+---------+---------+
       Total:                     26732   1728      620    
                                                           
    .\drivers\
       rgb.obj                    1068    0         20     
       buttons.obj                296     0         3      
    +--+--------------------------+-------+---------+---------+
       Total:                     1364    0         23     
                                                           
    .\usblib\
       usbdma.obj                 4008    0         272    
       usbdesc.obj                466     0         0      
       usbtick.obj                236     0         60     
       usbulpi.obj                200     0         0      
       usbmode.obj                0       0         9      
    +--+--------------------------+-------+---------+---------+
       Total:                     4910    0         341    
                                                           
    .\usblib\device\
       usbdenum.obj               5488    52        160    
       usbdconfig.obj             956     0         0      
       usbdcdesc.obj              734     0         0      
       usbdhandler.obj            36      0         0      
    +--+--------------------------+-------+---------+---------+
       Total:                     7214    52        160    
                                                           
    .\utils\
       uartstdio.obj              2956    58        576    
       cpu_usage.obj              292     0         60     
       RunTimeStatsConfig.obj     140     0         0      
    +--+--------------------------+-------+---------+---------+
       Total:                     3388    58        636    
                                                           
    C:\ti\ccsv7\tools\compiler\ti-cgt-arm_16.9.4.LTS\lib\rtsv7M4_T_le_v4SPD16_eabi.lib
       _printfi.obj               4414    0         0      
       ull_div_t2.obj             500     0         0      
       fd_add_t2.obj              438     0         0      
       fd_div_t2.obj              310     0         0      
       fd_cmp_t2.obj              268     0         0      
       ctype.obj                  0       257       0      
       fd_mul_t2.obj              252     0         0      
       s_scalbn.obj               252     0         0      
       memcpy_t2.obj              156     0         0      
       memset_t2.obj              122     0         0      
       autoinit.obj               112     0         0      
       copy_decompress_lzss.obj   104     0         0      
       s_frexp.obj                100     0         0      
       exit.obj                   84      0         12     
       sprintf.obj                96      0         0      
       boot.obj                   84      0         0      
       ltoa.obj                   84      0         0      
       fs_toull_t2.obj            80      0         0      
       atoi.obj                   76      0         0      
       cpy_tbl.obj                76      0         0      
       fd_toi_t2.obj              72      0         0      
       u_divt2.obj                64      0         0      
       i_tofd_t2.obj              46      0         0      
       _lock.obj                  20      0         8      
       memccpy.obj                28      0         0      
       args_main.obj              24      0         0      
       strchr.obj                 22      0         0      
       s_copysign.obj             20      0         0      
       strcpy.obj                 20      0         0      
       strlen.obj                 20      0         0      
       copy_decompress_none.obj   14      0         0      
       copy_zero_init.obj         12      0         0      
       errno.obj                  0       0         4      
       pre_init.obj               4       0         0      
       stkdepth_vars.obj          0       0         4      
       i_div0.obj                 2       0         0      
       mpu_init.obj               2       0         0      
       startup.obj                2       0         0      
    +--+--------------------------+-------+---------+---------+
       Total:                     7980    257       28     
                                                           
       Stack:                     0       0         512    
       Linker Generated:          0       165       0      
    +--+--------------------------+-------+---------+---------+
       Grand Total:               67864   2892      23413  


LINKER GENERATED COPY TABLES

__TI_cinit_table @ 00011458 records: 3, size/record: 8, table size: 24
	.data: load addr=000113c8, load size=00000071 bytes, run addr=20005a84, run size=000000f1 bytes, compression=lzss
	.bss: load addr=00011448, load size=00000008 bytes, run addr=2000026c, run size=00005618 bytes, compression=zero_init
	.vtable: load addr=00011450, load size=00000008 bytes, run addr=20000000, run size=0000026c bytes, compression=zero_init


LINKER GENERATED HANDLER TABLE

__TI_handler_table @ 0001143c records: 3, size/record: 4, table size: 12
	index: 0, handler: __TI_zero_init
	index: 1, handler: __TI_decompress_lzss
	index: 2, handler: __TI_decompress_none


GLOBAL SYMBOLS: SORTED ALPHABETICALLY BY Name 

address   name                                 
-------   ----                                 
0000f43d  ButtonHandler                        
0000fd27  ButtonsInit                          
0000fc81  ButtonsPoll                          
000107cd  C$$EXIT                              
0000fde7  CPUUsageInit                         
0000fda9  CPUUsageTick                         
00010a19  CPUbasepriGet                        
00010a0b  CPUbasepriSet                        
000109e5  CPUcpsid                             
000109fb  CPUcpsie                             
000109f1  CPUprimask                           
00010a07  CPUwfi                               
000082af  GPIOADCTriggerDisable                
00008283  GPIOADCTriggerEnable                 
00008257  GPIODMATriggerDisable                
0000822b  GPIODMATriggerEnable                 
000072d5  GPIODirModeGet                       
00007251  GPIODirModeSet                       
00007a55  GPIOIntClear                         
000079fd  GPIOIntDisable                       
000079d5  GPIOIntEnable                        
00007a77  GPIOIntRegister                      
00007af5  GPIOIntRegisterPin                   
00007a25  GPIOIntStatus                        
000074fd  GPIOIntTypeGet                       
000073a9  GPIOIntTypeSet                       
00007ab5  GPIOIntUnregister                    
00007b5f  GPIOIntUnregisterPin                 
0000785d  GPIOPadConfigGet                     
000075a1  GPIOPadConfigSet                     
000081a5  GPIOPinConfigure                     
00007bb1  GPIOPinRead                          
00007c05  GPIOPinTypeADC                       
00007c3b  GPIOPinTypeCAN                       
00007c71  GPIOPinTypeComparator                
00007ca7  GPIOPinTypeComparatorOutput          
00007cdd  GPIOPinTypeDIVSCLK                   
00007d13  GPIOPinTypeEPI                       
00007d49  GPIOPinTypeEthernetLED               
00007d7f  GPIOPinTypeEthernetMII               
00007dc1  GPIOPinTypeGPIOInput                 
00007df7  GPIOPinTypeGPIOOutput                
00007e2d  GPIOPinTypeGPIOOutputOD              
00007e63  GPIOPinTypeHibernateRTCCLK           
00007e99  GPIOPinTypeI2C                       
00007ecf  GPIOPinTypeI2CSCL                    
00007f05  GPIOPinTypeLCD                       
00007f3b  GPIOPinTypeOneWire                   
00007f71  GPIOPinTypePWM                       
00007fa7  GPIOPinTypeQEI                       
00007fdd  GPIOPinTypeSSI                       
00008013  GPIOPinTypeTimer                     
00008049  GPIOPinTypeTrace                     
0000807f  GPIOPinTypeUART                      
000080b9  GPIOPinTypeUSBAnalog                 
000080ef  GPIOPinTypeUSBDigital                
00008125  GPIOPinTypeWakeHigh                  
0000815d  GPIOPinTypeWakeLow                   
00008195  GPIOPinWakeStatus                    
00007bd7  GPIOPinWrite                         
00010a7d  GetOverflowCounts                    
0000dee1  IntDisable                           
0000de63  IntEnable                            
0000df69  IntIsEnabled                         
0000dcc7  IntMasterDisable                     
0000dcb7  IntMasterEnable                      
0000e08d  IntPendClear                         
0000e01d  IntPendSet                           
0000de2d  IntPriorityGet                       
0000dd93  IntPriorityGroupingGet               
0000dd6d  IntPriorityGroupingSet               
0000e0f3  IntPriorityMaskGet                   
0000e0e7  IntPriorityMaskSet                   
0000ddcb  IntPrioritySet                       
0000dcd7  IntRegister                          
0000e0fb  IntTrigger                           
0000dd4d  IntUnregister                        
0001010b  InternalUSBRegisterTickHandler       
0001015b  InternalUSBStartOfFrameTick          
000100c5  InternalUSBTickInit                  
00010103  InternalUSBTickReset                 
0000e145  RGBBlinkIntHandler                   
0000e459  RGBBlinkRateSet                      
0000e4e5  RGBColorGet                          
0000e39b  RGBColorSet                          
0000e325  RGBDisable                           
0000e26d  RGBEnable                            
0000e173  RGBInit                              
0000e445  RGBIntensitySet                      
0000e383  RGBSet                               
00010a51  ResetISR                             
UNDEFED   SHT$$INIT_ARRAY$$Base                
UNDEFED   SHT$$INIT_ARRAY$$Limit               
00005b0f  SysCtlAltClkConfig                   
000050d1  SysCtlClockFreqSet                   
000055b1  SysCtlClockGet                       
00005ad7  SysCtlClockOutConfig                 
000053dd  SysCtlClockSet                       
00004fb9  SysCtlDeepSleep                      
00005791  SysCtlDeepSleepClockConfigSet        
00005775  SysCtlDeepSleepClockSet              
00004f99  SysCtlDeepSleepPowerSet              
00010b7b  SysCtlDelay                          
000048c1  SysCtlFlashSectorSizeGet             
00004891  SysCtlFlashSizeGet                   
00005961  SysCtlGPIOAHBDisable                 
000058dd  SysCtlGPIOAHBEnable                  
00004ead  SysCtlIntClear                       
00004e95  SysCtlIntDisable                     
00004e81  SysCtlIntEnable                      
00004e5d  SysCtlIntRegister                    
00004ebd  SysCtlIntStatus                      
00004e71  SysCtlIntUnregister                  
00004f83  SysCtlLDODeepSleepGet                
00004f35  SysCtlLDODeepSleepSet                
00004f27  SysCtlLDOSleepGet                    
00004ed9  SysCtlLDOSleepSet                    
00004ff5  SysCtlMOSCConfigSet                  
00005ac3  SysCtlNMIClear                       
00005abd  SysCtlNMIStatus                      
00005005  SysCtlPIOSCCalibrate                 
000058a9  SysCtlPWMClockGet                    
0000583d  SysCtlPWMClockSet                    
00004e09  SysCtlPeripheralClockGating          
00004dbb  SysCtlPeripheralDeepSleepDisable     
00004d6d  SysCtlPeripheralDeepSleepEnable      
00004c61  SysCtlPeripheralDisable              
00004c0d  SysCtlPeripheralEnable               
00004ac1  SysCtlPeripheralPowerOff             
00004a41  SysCtlPeripheralPowerOn              
0000492d  SysCtlPeripheralPresent              
000049b9  SysCtlPeripheralReady                
00004b6d  SysCtlPeripheralReset                
00004d19  SysCtlPeripheralSleepDisable         
00004cc7  SysCtlPeripheralSleepEnable          
00004fa9  SysCtlReset                          
00005065  SysCtlResetBehaviorGet               
00005055  SysCtlResetBehaviorSet               
00004fe1  SysCtlResetCauseClear                
00004fd5  SysCtlResetCauseGet                  
00004887  SysCtlSRAMSizeGet                    
00004fb1  SysCtlSleep                          
00004f89  SysCtlSleepPowerSet                  
000059d7  SysCtlUSBPLLDisable                  
000059cb  SysCtlUSBPLLEnable                   
00005a11  SysCtlVCOGet                         
000059f9  SysCtlVoltageEventClear              
000059e3  SysCtlVoltageEventConfig             
000059f3  SysCtlVoltageEventStatus             
0000bed9  TimerADCEventGet                     
0000beb9  TimerADCEventSet                     
0000b8fb  TimerClockSourceGet                  
0000b8c5  TimerClockSourceSet                  
0000b459  TimerConfigure                       
0000b725  TimerControlEvent                    
0000b603  TimerControlLevel                    
0000b783  TimerControlStall                    
0000b681  TimerControlTrigger                  
0000b7ed  TimerControlWaitOnTrigger            
0000bf15  TimerDMAEventGet                     
0000bef5  TimerDMAEventSet                     
0000b3c5  TimerDisable                         
0000b37b  TimerEnable                          
0000be79  TimerIntClear                        
0000be21  TimerIntDisable                      
0000bdfb  TimerIntEnable                       
0000bd3f  TimerIntRegister                     
0000be4d  TimerIntStatus                       
0000bda9  TimerIntUnregister                   
0000baef  TimerLoadGet                         
0000bb5d  TimerLoadGet64                       
0000ba95  TimerLoadSet                         
0000bb31  TimerLoadSet64                       
0000bc8b  TimerMatchGet                        
0000bcf9  TimerMatchGet64                      
0000bc31  TimerMatchSet                        
0000bccd  TimerMatchSet64                      
0000b993  TimerPrescaleGet                     
0000ba49  TimerPrescaleMatchGet                
0000b9df  TimerPrescaleMatchSet                
0000b929  TimerPrescaleSet                     
0000b8a1  TimerRTCDisable                      
0000b87d  TimerRTCEnable                       
0000be99  TimerSynchronize                     
0000bf31  TimerUpdateMode                      
0000bba9  TimerValueGet                        
0000bbeb  TimerValueGet64                      
0000d51b  UART9BitAddrSend                     
0000d4e7  UART9BitAddrSet                      
0000d4c3  UART9BitDisable                      
0000d49f  UART9BitEnable                       
0000d249  UARTBreakCtl                         
0000d281  UARTBusy                             
0000d1c3  UARTCharGet                          
0000d199  UARTCharGetNonBlocking               
0000d219  UARTCharPut                          
0000d1e7  UARTCharPutNonBlocking               
0000d141  UARTCharsAvail                       
0000d481  UARTClockSourceGet                   
0000d44b  UARTClockSourceSet                   
0000cdc9  UARTConfigGetExpClk                  
0000cce3  UARTConfigSetExpClk                  
0000d3e7  UARTDMADisable                       
0000d3c1  UARTDMAEnable                        
0000ce71  UARTDisable                          
0000cf2d  UARTDisableSIR                       
0000c9e7  UARTEchoSet                          
0000ce29  UARTEnable                           
0000cef1  UARTEnableSIR                        
0000cecd  UARTFIFODisable                      
0000cea9  UARTFIFOEnable                       
0000cca7  UARTFIFOLevelGet                     
0000cc35  UARTFIFOLevelSet                     
0000d0bb  UARTFlowControlGet                   
0000d07f  UARTFlowControlSet                   
0000c9b3  UARTFlushRx                          
0000c9c1  UARTFlushTx                          
0000d3a1  UARTIntClear                         
0000d34b  UARTIntDisable                       
0000d325  UARTIntEnable                        
0000d2ad  UARTIntRegister                      
0000d371  UARTIntStatus                        
0000d2eb  UARTIntUnregister                    
0000d571  UARTLoopbackEnable                   
0000cff9  UARTModemControlClear                
0000d03d  UARTModemControlGet                  
0000cfb5  UARTModemControlSet                  
0000d05d  UARTModemStatusGet                   
0000cc17  UARTParityModeGet                    
0000cbcb  UARTParityModeSet                    
0000c99b  UARTRxBytesAvail                     
0000d42d  UARTRxErrorClear                     
0000d40d  UARTRxErrorGet                       
0000cf91  UARTSmartCardDisable                 
0000cf51  UARTSmartCardEnable                  
0000d16d  UARTSpaceAvail                       
0000bfe7  UARTStdioConfig                      
0000ca0f  UARTStdioIntHandler                  
0000c9a7  UARTTxBytesFree                      
0000d11d  UARTTxIntModeGet                     
0000d0db  UARTTxIntModeSet                     
0000c63d  UARTgetc                             
0000c1dd  UARTgets                             
0000c977  UARTprintf                           
0000c665  UARTvprintf                          
0000c113  UARTwrite                            
0001028b  ULPIConfigSet                        
0001032d  ULPIPowerTransceiver                 
00010aa1  USB0DeviceIntHandler                 
00001f87  USBClockDisable                      
00001f5d  USBClockEnable                       
00001f45  USBControllerVersion                 
0000ee19  USBDCDConfigDescGet                  
0000edcb  USBDCDConfigDescGetNum               
0000ed93  USBDCDConfigDescGetSize              
0000eefb  USBDCDConfigGetInterface             
0000ef31  USBDCDConfigGetInterfaceEndpoint     
0000eea7  USBDCDConfigGetNumAlternateInterfaces
00005b85  USBDCDDeviceInfoInit                 
00006093  USBDCDFeatureGet                     
00005fe1  USBDCDFeatureSet                     
00005be9  USBDCDInit                           
00005f81  USBDCDPowerStatusSet                 
000060cd  USBDCDRemoteWakeLPM                  
000060e7  USBDCDRemoteWakeupRequest            
00005e7d  USBDCDRequestDataEP0                 
00005ee9  USBDCDSendDataEP0                    
00005f25  USBDCDSetDefaultConfiguration        
00005f41  USBDCDStallEP0                       
00005de7  USBDCDTerm                           
000021df  USBDMAChannelAddressGet              
000021a5  USBDMAChannelAddressSet              
000020bd  USBDMAChannelConfigSet               
00002257  USBDMAChannelCountGet                
0000221d  USBDMAChannelCountSet                
0000207f  USBDMAChannelDisable                 
00002041  USBDMAChannelEnable                  
00001fe5  USBDMAChannelIntDisable              
00001fa7  USBDMAChannelIntEnable               
00002023  USBDMAChannelIntStatus               
00002123  USBDMAChannelStatus                  
0000215d  USBDMAChannelStatusClear             
0000228d  USBDMANumChannels                    
0000f6f5  USBDescGet                           
0000f819  USBDescGetInterface                  
0000f847  USBDescGetInterfaceEndpoint          
0000f699  USBDescGetNum                        
0000f75f  USBDescGetNumAlternateInterfaces     
00000caf  USBDevAddrGet                        
00000c8d  USBDevAddrSet                        
00000c45  USBDevConnect                        
00000c69  USBDevDisconnect                     
000010f3  USBDevEndpointConfigGet              
00000fb9  USBDevEndpointConfigSet              
0000160d  USBDevEndpointDataAck                
00000ad1  USBDevEndpointStall                  
00000b79  USBDevEndpointStallClear             
0000084d  USBDevEndpointStatusClear            
00002495  USBDevLPMConfig                      
000024df  USBDevLPMDisable                     
000024b9  USBDevLPMEnable                      
0000246f  USBDevLPMRemoteWake                  
00001e75  USBDevMode                           
00000493  USBDevSpeedGet                       
0000e637  USBDeviceConfig                      
0000e863  USBDeviceConfigAlternate             
0000622d  USBDeviceEnumHandler                 
0000638d  USBDeviceEnumResetHandler            
00006f05  USBDeviceIntHandlerInternal          
0000612d  USBDeviceResumeTickHandler           
00001dc1  USBEndpointDMAChannel                
000013a1  USBEndpointDMAConfigSet              
00001473  USBEndpointDMADisable                
00001439  USBEndpointDMAEnable                 
000014ad  USBEndpointDataAvail                 
00001537  USBEndpointDataGet                   
00001709  USBEndpointDataPut                   
000017c3  USBEndpointDataSend                  
00000a05  USBEndpointDataToggleClear           
00001f09  USBEndpointPacketCountSet            
00000739  USBEndpointStatus                    
00001d89  USBFIFOAddrGet                       
000012f5  USBFIFOConfigGet                     
00001249  USBFIFOConfigSet                     
00001867  USBFIFOFlush                         
00001d31  USBFrameNumberGet                    
000003d7  USBHighSpeed                         
00001aad  USBHostAddrGet                       
00001a29  USBHostAddrSet                       
00000cd1  USBHostEndpointConfig                
00001691  USBHostEndpointDataAck               
00000921  USBHostEndpointDataToggle            
00000a85  USBHostEndpointPing                  
00000ed1  USBHostEndpointSpeed                 
000007b1  USBHostEndpointStatusClear           
00001bd1  USBHostHubAddrGet                    
00001b21  USBHostHubAddrSet                    
000023f3  USBHostLPMConfig                     
00002449  USBHostLPMResume                     
00002387  USBHostLPMSend                       
00001e55  USBHostMode                          
00001c49  USBHostPwrConfig                     
00001d0b  USBHostPwrDisable                    
00001ce5  USBHostPwrEnable                     
00001cbf  USBHostPwrFaultDisable               
00001c99  USBHostPwrFaultEnable                
0000191d  USBHostRequestIN                     
0000198b  USBHostRequestINClear                
00001a05  USBHostRequestStatus                 
0000039b  USBHostReset                         
00000413  USBHostResume                        
0000044f  USBHostSpeedGet                      
00000379  USBHostSuspend                       
000004b9  USBIntDisableControl                 
000005e5  USBIntDisableEndpoint                
00000531  USBIntEnableControl                  
00000621  USBIntEnableEndpoint                 
000006c1  USBIntRegister                       
0000058b  USBIntStatusControl                  
0000065d  USBIntStatusEndpoint                 
000006ff  USBIntUnregister                     
0000252f  USBLPMEndpointGet                    
000025c7  USBLPMIntDisable                     
0000259f  USBLPMIntEnable                      
00002581  USBLPMIntStatus                      
0000250d  USBLPMLinkStateGet                   
00002559  USBLPMRemoteWakeEnabled              
0000a1b9  USBLibDMAAddrGet                     
0000a1e9  USBLibDMAInit                        
0000a1d1  USBLibDMASizeGet                     
00001eb5  USBModeConfig                        
00001d9f  USBModeGet                           
00001f2d  USBNumEndpointsGet                   
00001e95  USBOTGMode                           
00001d4d  USBOTGSessionRequest                 
00001ed7  USBPHYPowerOff                       
00001eed  USBPHYPowerOn                        
000022ad  USBULPIConfig                        
000022db  USBULPIDisable                       
000022c3  USBULPIEnable                        
000022f3  USBULPIRegRead                       
00002339  USBULPIRegWrite                      
20005a84  __STACK_END                          
00000200  __STACK_SIZE                         
20005a84  __STACK_TOP                          
00011458  __TI_CINIT_Base                      
00011470  __TI_CINIT_Limit                     
0001143c  __TI_Handler_Table_Base              
00011448  __TI_Handler_Table_Limit             
00010575  __TI_auto_init                       
20005b00  __TI_cleanup_ptr                     
0001064d  __TI_decompress_lzss                 
00010b61  __TI_decompress_none                 
20005b04  __TI_dtors_ptr                       
20005b08  __TI_enable_exit_profile_output      
ffffffff  __TI_pprof_out_hndl                  
00008b2d  __TI_printfi                         
ffffffff  __TI_prof_data_size                  
ffffffff  __TI_prof_data_start                 
00000000  __TI_static_base__                   
00010b6f  __TI_zero_init                       
000103ef  __aeabi_cdcmpeq                      
000103ef  __aeabi_cdcmple                      
00010475  __aeabi_cdrcmple                     
0001095d  __aeabi_d2iz                         
0000f875  __aeabi_dadd                         
0000fa21  __aeabi_ddiv                         
0000fecd  __aeabi_dmul                         
0000f86b  __aeabi_dsub                         
00010875  __aeabi_f2ulz                        
00010a23  __aeabi_i2d                          
00009427  __aeabi_idiv0                        
000104fb  __aeabi_memclr                       
000104fb  __aeabi_memclr4                      
000104fb  __aeabi_memclr8                      
00010353  __aeabi_memcpy                       
00010353  __aeabi_memcpy4                      
00010353  __aeabi_memcpy8                      
000104fd  __aeabi_memset                       
000104fd  __aeabi_memset4                      
000104fd  __aeabi_memset8                      
000109a5  __aeabi_uidiv                        
000109a5  __aeabi_uidivmod                     
0000f4a5  __aeabi_uldivmod                     
ffffffff  __binit__                            
ffffffff  __c_args__                           
0000f271  __error__                            
0000ef9f  __mpu_init                           
20005884  __stack                              
00010ae1  _args_main                           
00010779  _c_int00                             
00010d34  _ctypes_                             
20005b48  _lock                                
00010b1f  _nop                                 
00010b17  _register_lock                       
00010b11  _register_unlock                     
00010b0f  _system_post_cinit                   
00010b81  _system_pre_init                     
20005b4c  _unlock                              
000107d1  abort                                
000108c5  atoi                                 
ffffffff  binit                                
00010911  copy_in                              
00010b25  copysign                             
00010b25  copysignl                            
00002a25  eTaskGetState                        
20005b6c  errno                                
000107d9  exit                                 
000106b5  frexp                                
000106b5  frexpl                               
20005b30  g_bUSBTimerInitialized               
20005b3c  g_iUSBMode                           
20000000  g_pfnRAMVectors                      
2000576c  g_pfnTickHandlers                    
00000000  g_pfnVectors                         
20005874  g_ppsDevInfo                         
200056bc  g_psDCDInst                          
20005784  g_pvTickInstance                     
20005878  g_ui32CPUUsage                       
20005b34  g_ui32CurrentUSBTick                 
20005b38  g_ui32USBSOFCount                    
20005b40  g_ui32WaitTicks                      
2000587c  g_ulSystemClock                      
0000ffc9  ldexp                                
0000ffc9  ldexpl                               
00010821  ltoa                                 
0000f3e1  main                                 
20005b70  main_func_sp                         
00010ac5  memccpy                              
00010353  memcpy                               
00010503  memset                               
0000309b  pcTaskGetName                        
0000d72f  pcTimerGetName                       
0000e92d  pvPortMalloc                         
00003f6b  pvTaskIncrementMutexHeldCount        
0000dbab  pvTimerGetTimerID                    
20005a84  pxCurrentTCB                         
0000efa1  pxPortInitialiseStack                
0000ffc9  scalbn                               
0000ffc9  scalbnl                              
20005b50  sensor_1                             
20005b58  sensor_2                             
00010719  sprintf                              
00010af9  strchr                               
00010b39  strcpy                               
00010b4d  strlen                               
0000f2af  system_config                        
0000afaf  ucQueueGetQueueType                  
000113a4  ulMaxSyscallInterruptPriority        
000101c1  ulPortGetIPSR                        
00003f83  ulTaskNotifyTake                     
0000fc39  uxListRemove                         
0000af8f  uxQueueGetQueueNumber                
0000aefd  uxQueueMessagesWaiting               
0000af55  uxQueueMessagesWaitingFromISR        
0000af21  uxQueueSpacesAvailable               
00003095  uxTaskGetNumberOfTasks               
0000398d  uxTaskGetStackHighWaterMark          
000030d1  uxTaskGetSystemState                 
000036ef  uxTaskGetTaskNumber                  
00002abb  uxTaskPriorityGet                    
00002ae9  uxTaskPriorityGetFromISR             
00003f49  uxTaskResetEventItemValue            
0000dc7d  uxTimerGetTimerNumber                
0000f2a5  vApplicationIdleHook                 
0000f2ad  vApplicationMallocFailedHook         
0000f27b  vApplicationStackOverflowHook        
0000f285  vApplicationTickHook                 
000105e5  vConfigureTimerForRunTimeStats       
0000fb57  vListInitialise                      
0000fb87  vListInitialiseItem                  
0000fbd3  vListInsert                          
0000fb97  vListInsertEnd                       
0001027d  vPortEnableVFP                       
0000f0d9  vPortEndScheduler                    
0000f0f9  vPortEnterCritical                   
0000f137  vPortExitCritical                    
0000ea8b  vPortFree                            
0000eb21  vPortInitialiseBlocks                
00010239  vPortSVCHandler                      
0000f185  vPortSetupTimerInterrupt             
00010259  vPortStartFirstTask                  
0000f1b1  vPortValidateInterruptPriority       
0000af71  vQueueDelete                         
0000af9d  vQueueSetQueueNumber                 
0000b225  vQueueWaitForMessageRestricted       
000029c5  vTaskDelay                           
000028d5  vTaskDelayUntil                      
00002811  vTaskDelete                          
00002f37  vTaskEndScheduler                    
000037f9  vTaskGetInfo                         
00003e71  vTaskGetRunTimeStats                 
0000362b  vTaskInternalSetTimeOutState         
00003d5d  vTaskList                            
000036e7  vTaskMissedYield                     
00004313  vTaskNotifyGiveFromISR               
00003411  vTaskPlaceOnEventList                
0000348f  vTaskPlaceOnEventListRestricted      
00003441  vTaskPlaceOnUnorderedEventList       
00003c15  vTaskPriorityDisinheritAfterTimeout  
00002b31  vTaskPrioritySet                     
00003571  vTaskRemoveFromUnorderedEventList    
00002d91  vTaskResume                          
0000370f  vTaskSetTaskNumber                   
000035ff  vTaskSetTimeOutState                 
00002ec5  vTaskStartScheduler                  
00002c61  vTaskSuspend                         
00002f53  vTaskSuspendAll                      
00003315  vTaskSwitchContext                   
0000dbd3  vTimerSetTimerID                     
0000dc8b  vTimerSetTimerNumber                 
0000eb15  xPortGetFreeHeapSize                 
0000eb1b  xPortGetMinimumEverFreeHeapSize      
000101d9  xPortPendSVHandler                   
0000f027  xPortStartScheduler                  
0000f15f  xPortSysTickHandler                  
20005880  xQueue                               
0000a549  xQueueCreateMutex                    
0000a47b  xQueueGenericCreate                  
0000a3d1  xQueueGenericReset                   
0000a575  xQueueGenericSend                    
0000a733  xQueueGenericSendFromISR             
0000a823  xQueueGiveFromISR                    
0000b1ad  xQueueIsQueueEmptyFromISR            
0000b1f9  xQueueIsQueueFullFromISR             
0000ac29  xQueuePeek                           
0000ae63  xQueuePeekFromISR                    
0000a905  xQueueReceive                        
0000ad99  xQueueReceiveFromISR                 
0000aa71  xQueueSemaphoreTake                  
00003645  xTaskCheckForTimeOut                 
000025f9  xTaskCreate                          
000040c1  xTaskGenericNotify                   
000041e1  xTaskGenericNotifyFromISR            
00003a03  xTaskGetCurrentTaskHandle            
00003a31  xTaskGetSchedulerState               
00003071  xTaskGetTickCount                    
00003081  xTaskGetTickCountFromISR             
000031cd  xTaskIncrementTick                   
000043f9  xTaskNotifyStateClear                
00004001  xTaskNotifyWait                      
00003b3b  xTaskPriorityDisinherit              
00003a61  xTaskPriorityInherit                 
000034cd  xTaskRemoveFromEventList             
00002f69  xTaskResumeAll                       
00002e1d  xTaskResumeFromISR                   
0000d5d3  xTimerCreate                         
0000d599  xTimerCreateTimerTask                
0000d65b  xTimerGenericCommand                 
0000d70f  xTimerGetExpiryTime                  
0000d6f3  xTimerGetPeriod                      
0000d6d5  xTimerGetTimerDaemonTaskHandle       
0000db71  xTimerIsTimerActive                  
0000dc37  xTimerPendFunctionCall               
0000dc01  xTimerPendFunctionCallFromISR        


GLOBAL SYMBOLS: SORTED BY Symbol Address 

address   name                                 
-------   ----                                 
00000000  __TI_static_base__                   
00000000  g_pfnVectors                         
00000200  __STACK_SIZE                         
00000379  USBHostSuspend                       
0000039b  USBHostReset                         
000003d7  USBHighSpeed                         
00000413  USBHostResume                        
0000044f  USBHostSpeedGet                      
00000493  USBDevSpeedGet                       
000004b9  USBIntDisableControl                 
00000531  USBIntEnableControl                  
0000058b  USBIntStatusControl                  
000005e5  USBIntDisableEndpoint                
00000621  USBIntEnableEndpoint                 
0000065d  USBIntStatusEndpoint                 
000006c1  USBIntRegister                       
000006ff  USBIntUnregister                     
00000739  USBEndpointStatus                    
000007b1  USBHostEndpointStatusClear           
0000084d  USBDevEndpointStatusClear            
00000921  USBHostEndpointDataToggle            
00000a05  USBEndpointDataToggleClear           
00000a85  USBHostEndpointPing                  
00000ad1  USBDevEndpointStall                  
00000b79  USBDevEndpointStallClear             
00000c45  USBDevConnect                        
00000c69  USBDevDisconnect                     
00000c8d  USBDevAddrSet                        
00000caf  USBDevAddrGet                        
00000cd1  USBHostEndpointConfig                
00000ed1  USBHostEndpointSpeed                 
00000fb9  USBDevEndpointConfigSet              
000010f3  USBDevEndpointConfigGet              
00001249  USBFIFOConfigSet                     
000012f5  USBFIFOConfigGet                     
000013a1  USBEndpointDMAConfigSet              
00001439  USBEndpointDMAEnable                 
00001473  USBEndpointDMADisable                
000014ad  USBEndpointDataAvail                 
00001537  USBEndpointDataGet                   
0000160d  USBDevEndpointDataAck                
00001691  USBHostEndpointDataAck               
00001709  USBEndpointDataPut                   
000017c3  USBEndpointDataSend                  
00001867  USBFIFOFlush                         
0000191d  USBHostRequestIN                     
0000198b  USBHostRequestINClear                
00001a05  USBHostRequestStatus                 
00001a29  USBHostAddrSet                       
00001aad  USBHostAddrGet                       
00001b21  USBHostHubAddrSet                    
00001bd1  USBHostHubAddrGet                    
00001c49  USBHostPwrConfig                     
00001c99  USBHostPwrFaultEnable                
00001cbf  USBHostPwrFaultDisable               
00001ce5  USBHostPwrEnable                     
00001d0b  USBHostPwrDisable                    
00001d31  USBFrameNumberGet                    
00001d4d  USBOTGSessionRequest                 
00001d89  USBFIFOAddrGet                       
00001d9f  USBModeGet                           
00001dc1  USBEndpointDMAChannel                
00001e55  USBHostMode                          
00001e75  USBDevMode                           
00001e95  USBOTGMode                           
00001eb5  USBModeConfig                        
00001ed7  USBPHYPowerOff                       
00001eed  USBPHYPowerOn                        
00001f09  USBEndpointPacketCountSet            
00001f2d  USBNumEndpointsGet                   
00001f45  USBControllerVersion                 
00001f5d  USBClockEnable                       
00001f87  USBClockDisable                      
00001fa7  USBDMAChannelIntEnable               
00001fe5  USBDMAChannelIntDisable              
00002023  USBDMAChannelIntStatus               
00002041  USBDMAChannelEnable                  
0000207f  USBDMAChannelDisable                 
000020bd  USBDMAChannelConfigSet               
00002123  USBDMAChannelStatus                  
0000215d  USBDMAChannelStatusClear             
000021a5  USBDMAChannelAddressSet              
000021df  USBDMAChannelAddressGet              
0000221d  USBDMAChannelCountSet                
00002257  USBDMAChannelCountGet                
0000228d  USBDMANumChannels                    
000022ad  USBULPIConfig                        
000022c3  USBULPIEnable                        
000022db  USBULPIDisable                       
000022f3  USBULPIRegRead                       
00002339  USBULPIRegWrite                      
00002387  USBHostLPMSend                       
000023f3  USBHostLPMConfig                     
00002449  USBHostLPMResume                     
0000246f  USBDevLPMRemoteWake                  
00002495  USBDevLPMConfig                      
000024b9  USBDevLPMEnable                      
000024df  USBDevLPMDisable                     
0000250d  USBLPMLinkStateGet                   
0000252f  USBLPMEndpointGet                    
00002559  USBLPMRemoteWakeEnabled              
00002581  USBLPMIntStatus                      
0000259f  USBLPMIntEnable                      
000025c7  USBLPMIntDisable                     
000025f9  xTaskCreate                          
00002811  vTaskDelete                          
000028d5  vTaskDelayUntil                      
000029c5  vTaskDelay                           
00002a25  eTaskGetState                        
00002abb  uxTaskPriorityGet                    
00002ae9  uxTaskPriorityGetFromISR             
00002b31  vTaskPrioritySet                     
00002c61  vTaskSuspend                         
00002d91  vTaskResume                          
00002e1d  xTaskResumeFromISR                   
00002ec5  vTaskStartScheduler                  
00002f37  vTaskEndScheduler                    
00002f53  vTaskSuspendAll                      
00002f69  xTaskResumeAll                       
00003071  xTaskGetTickCount                    
00003081  xTaskGetTickCountFromISR             
00003095  uxTaskGetNumberOfTasks               
0000309b  pcTaskGetName                        
000030d1  uxTaskGetSystemState                 
000031cd  xTaskIncrementTick                   
00003315  vTaskSwitchContext                   
00003411  vTaskPlaceOnEventList                
00003441  vTaskPlaceOnUnorderedEventList       
0000348f  vTaskPlaceOnEventListRestricted      
000034cd  xTaskRemoveFromEventList             
00003571  vTaskRemoveFromUnorderedEventList    
000035ff  vTaskSetTimeOutState                 
0000362b  vTaskInternalSetTimeOutState         
00003645  xTaskCheckForTimeOut                 
000036e7  vTaskMissedYield                     
000036ef  uxTaskGetTaskNumber                  
0000370f  vTaskSetTaskNumber                   
000037f9  vTaskGetInfo                         
0000398d  uxTaskGetStackHighWaterMark          
00003a03  xTaskGetCurrentTaskHandle            
00003a31  xTaskGetSchedulerState               
00003a61  xTaskPriorityInherit                 
00003b3b  xTaskPriorityDisinherit              
00003c15  vTaskPriorityDisinheritAfterTimeout  
00003d5d  vTaskList                            
00003e71  vTaskGetRunTimeStats                 
00003f49  uxTaskResetEventItemValue            
00003f6b  pvTaskIncrementMutexHeldCount        
00003f83  ulTaskNotifyTake                     
00004001  xTaskNotifyWait                      
000040c1  xTaskGenericNotify                   
000041e1  xTaskGenericNotifyFromISR            
00004313  vTaskNotifyGiveFromISR               
000043f9  xTaskNotifyStateClear                
00004887  SysCtlSRAMSizeGet                    
00004891  SysCtlFlashSizeGet                   
000048c1  SysCtlFlashSectorSizeGet             
0000492d  SysCtlPeripheralPresent              
000049b9  SysCtlPeripheralReady                
00004a41  SysCtlPeripheralPowerOn              
00004ac1  SysCtlPeripheralPowerOff             
00004b6d  SysCtlPeripheralReset                
00004c0d  SysCtlPeripheralEnable               
00004c61  SysCtlPeripheralDisable              
00004cc7  SysCtlPeripheralSleepEnable          
00004d19  SysCtlPeripheralSleepDisable         
00004d6d  SysCtlPeripheralDeepSleepEnable      
00004dbb  SysCtlPeripheralDeepSleepDisable     
00004e09  SysCtlPeripheralClockGating          
00004e5d  SysCtlIntRegister                    
00004e71  SysCtlIntUnregister                  
00004e81  SysCtlIntEnable                      
00004e95  SysCtlIntDisable                     
00004ead  SysCtlIntClear                       
00004ebd  SysCtlIntStatus                      
00004ed9  SysCtlLDOSleepSet                    
00004f27  SysCtlLDOSleepGet                    
00004f35  SysCtlLDODeepSleepSet                
00004f83  SysCtlLDODeepSleepGet                
00004f89  SysCtlSleepPowerSet                  
00004f99  SysCtlDeepSleepPowerSet              
00004fa9  SysCtlReset                          
00004fb1  SysCtlSleep                          
00004fb9  SysCtlDeepSleep                      
00004fd5  SysCtlResetCauseGet                  
00004fe1  SysCtlResetCauseClear                
00004ff5  SysCtlMOSCConfigSet                  
00005005  SysCtlPIOSCCalibrate                 
00005055  SysCtlResetBehaviorSet               
00005065  SysCtlResetBehaviorGet               
000050d1  SysCtlClockFreqSet                   
000053dd  SysCtlClockSet                       
000055b1  SysCtlClockGet                       
00005775  SysCtlDeepSleepClockSet              
00005791  SysCtlDeepSleepClockConfigSet        
0000583d  SysCtlPWMClockSet                    
000058a9  SysCtlPWMClockGet                    
000058dd  SysCtlGPIOAHBEnable                  
00005961  SysCtlGPIOAHBDisable                 
000059cb  SysCtlUSBPLLEnable                   
000059d7  SysCtlUSBPLLDisable                  
000059e3  SysCtlVoltageEventConfig             
000059f3  SysCtlVoltageEventStatus             
000059f9  SysCtlVoltageEventClear              
00005a11  SysCtlVCOGet                         
00005abd  SysCtlNMIStatus                      
00005ac3  SysCtlNMIClear                       
00005ad7  SysCtlClockOutConfig                 
00005b0f  SysCtlAltClkConfig                   
00005b85  USBDCDDeviceInfoInit                 
00005be9  USBDCDInit                           
00005de7  USBDCDTerm                           
00005e7d  USBDCDRequestDataEP0                 
00005ee9  USBDCDSendDataEP0                    
00005f25  USBDCDSetDefaultConfiguration        
00005f41  USBDCDStallEP0                       
00005f81  USBDCDPowerStatusSet                 
00005fe1  USBDCDFeatureSet                     
00006093  USBDCDFeatureGet                     
000060cd  USBDCDRemoteWakeLPM                  
000060e7  USBDCDRemoteWakeupRequest            
0000612d  USBDeviceResumeTickHandler           
0000622d  USBDeviceEnumHandler                 
0000638d  USBDeviceEnumResetHandler            
00006f05  USBDeviceIntHandlerInternal          
00007251  GPIODirModeSet                       
000072d5  GPIODirModeGet                       
000073a9  GPIOIntTypeSet                       
000074fd  GPIOIntTypeGet                       
000075a1  GPIOPadConfigSet                     
0000785d  GPIOPadConfigGet                     
000079d5  GPIOIntEnable                        
000079fd  GPIOIntDisable                       
00007a25  GPIOIntStatus                        
00007a55  GPIOIntClear                         
00007a77  GPIOIntRegister                      
00007ab5  GPIOIntUnregister                    
00007af5  GPIOIntRegisterPin                   
00007b5f  GPIOIntUnregisterPin                 
00007bb1  GPIOPinRead                          
00007bd7  GPIOPinWrite                         
00007c05  GPIOPinTypeADC                       
00007c3b  GPIOPinTypeCAN                       
00007c71  GPIOPinTypeComparator                
00007ca7  GPIOPinTypeComparatorOutput          
00007cdd  GPIOPinTypeDIVSCLK                   
00007d13  GPIOPinTypeEPI                       
00007d49  GPIOPinTypeEthernetLED               
00007d7f  GPIOPinTypeEthernetMII               
00007dc1  GPIOPinTypeGPIOInput                 
00007df7  GPIOPinTypeGPIOOutput                
00007e2d  GPIOPinTypeGPIOOutputOD              
00007e63  GPIOPinTypeHibernateRTCCLK           
00007e99  GPIOPinTypeI2C                       
00007ecf  GPIOPinTypeI2CSCL                    
00007f05  GPIOPinTypeLCD                       
00007f3b  GPIOPinTypeOneWire                   
00007f71  GPIOPinTypePWM                       
00007fa7  GPIOPinTypeQEI                       
00007fdd  GPIOPinTypeSSI                       
00008013  GPIOPinTypeTimer                     
00008049  GPIOPinTypeTrace                     
0000807f  GPIOPinTypeUART                      
000080b9  GPIOPinTypeUSBAnalog                 
000080ef  GPIOPinTypeUSBDigital                
00008125  GPIOPinTypeWakeHigh                  
0000815d  GPIOPinTypeWakeLow                   
00008195  GPIOPinWakeStatus                    
000081a5  GPIOPinConfigure                     
0000822b  GPIODMATriggerEnable                 
00008257  GPIODMATriggerDisable                
00008283  GPIOADCTriggerEnable                 
000082af  GPIOADCTriggerDisable                
00008b2d  __TI_printfi                         
00009427  __aeabi_idiv0                        
0000a1b9  USBLibDMAAddrGet                     
0000a1d1  USBLibDMASizeGet                     
0000a1e9  USBLibDMAInit                        
0000a3d1  xQueueGenericReset                   
0000a47b  xQueueGenericCreate                  
0000a549  xQueueCreateMutex                    
0000a575  xQueueGenericSend                    
0000a733  xQueueGenericSendFromISR             
0000a823  xQueueGiveFromISR                    
0000a905  xQueueReceive                        
0000aa71  xQueueSemaphoreTake                  
0000ac29  xQueuePeek                           
0000ad99  xQueueReceiveFromISR                 
0000ae63  xQueuePeekFromISR                    
0000aefd  uxQueueMessagesWaiting               
0000af21  uxQueueSpacesAvailable               
0000af55  uxQueueMessagesWaitingFromISR        
0000af71  vQueueDelete                         
0000af8f  uxQueueGetQueueNumber                
0000af9d  vQueueSetQueueNumber                 
0000afaf  ucQueueGetQueueType                  
0000b1ad  xQueueIsQueueEmptyFromISR            
0000b1f9  xQueueIsQueueFullFromISR             
0000b225  vQueueWaitForMessageRestricted       
0000b37b  TimerEnable                          
0000b3c5  TimerDisable                         
0000b459  TimerConfigure                       
0000b603  TimerControlLevel                    
0000b681  TimerControlTrigger                  
0000b725  TimerControlEvent                    
0000b783  TimerControlStall                    
0000b7ed  TimerControlWaitOnTrigger            
0000b87d  TimerRTCEnable                       
0000b8a1  TimerRTCDisable                      
0000b8c5  TimerClockSourceSet                  
0000b8fb  TimerClockSourceGet                  
0000b929  TimerPrescaleSet                     
0000b993  TimerPrescaleGet                     
0000b9df  TimerPrescaleMatchSet                
0000ba49  TimerPrescaleMatchGet                
0000ba95  TimerLoadSet                         
0000baef  TimerLoadGet                         
0000bb31  TimerLoadSet64                       
0000bb5d  TimerLoadGet64                       
0000bba9  TimerValueGet                        
0000bbeb  TimerValueGet64                      
0000bc31  TimerMatchSet                        
0000bc8b  TimerMatchGet                        
0000bccd  TimerMatchSet64                      
0000bcf9  TimerMatchGet64                      
0000bd3f  TimerIntRegister                     
0000bda9  TimerIntUnregister                   
0000bdfb  TimerIntEnable                       
0000be21  TimerIntDisable                      
0000be4d  TimerIntStatus                       
0000be79  TimerIntClear                        
0000be99  TimerSynchronize                     
0000beb9  TimerADCEventSet                     
0000bed9  TimerADCEventGet                     
0000bef5  TimerDMAEventSet                     
0000bf15  TimerDMAEventGet                     
0000bf31  TimerUpdateMode                      
0000bfe7  UARTStdioConfig                      
0000c113  UARTwrite                            
0000c1dd  UARTgets                             
0000c63d  UARTgetc                             
0000c665  UARTvprintf                          
0000c977  UARTprintf                           
0000c99b  UARTRxBytesAvail                     
0000c9a7  UARTTxBytesFree                      
0000c9b3  UARTFlushRx                          
0000c9c1  UARTFlushTx                          
0000c9e7  UARTEchoSet                          
0000ca0f  UARTStdioIntHandler                  
0000cbcb  UARTParityModeSet                    
0000cc17  UARTParityModeGet                    
0000cc35  UARTFIFOLevelSet                     
0000cca7  UARTFIFOLevelGet                     
0000cce3  UARTConfigSetExpClk                  
0000cdc9  UARTConfigGetExpClk                  
0000ce29  UARTEnable                           
0000ce71  UARTDisable                          
0000cea9  UARTFIFOEnable                       
0000cecd  UARTFIFODisable                      
0000cef1  UARTEnableSIR                        
0000cf2d  UARTDisableSIR                       
0000cf51  UARTSmartCardEnable                  
0000cf91  UARTSmartCardDisable                 
0000cfb5  UARTModemControlSet                  
0000cff9  UARTModemControlClear                
0000d03d  UARTModemControlGet                  
0000d05d  UARTModemStatusGet                   
0000d07f  UARTFlowControlSet                   
0000d0bb  UARTFlowControlGet                   
0000d0db  UARTTxIntModeSet                     
0000d11d  UARTTxIntModeGet                     
0000d141  UARTCharsAvail                       
0000d16d  UARTSpaceAvail                       
0000d199  UARTCharGetNonBlocking               
0000d1c3  UARTCharGet                          
0000d1e7  UARTCharPutNonBlocking               
0000d219  UARTCharPut                          
0000d249  UARTBreakCtl                         
0000d281  UARTBusy                             
0000d2ad  UARTIntRegister                      
0000d2eb  UARTIntUnregister                    
0000d325  UARTIntEnable                        
0000d34b  UARTIntDisable                       
0000d371  UARTIntStatus                        
0000d3a1  UARTIntClear                         
0000d3c1  UARTDMAEnable                        
0000d3e7  UARTDMADisable                       
0000d40d  UARTRxErrorGet                       
0000d42d  UARTRxErrorClear                     
0000d44b  UARTClockSourceSet                   
0000d481  UARTClockSourceGet                   
0000d49f  UART9BitEnable                       
0000d4c3  UART9BitDisable                      
0000d4e7  UART9BitAddrSet                      
0000d51b  UART9BitAddrSend                     
0000d571  UARTLoopbackEnable                   
0000d599  xTimerCreateTimerTask                
0000d5d3  xTimerCreate                         
0000d65b  xTimerGenericCommand                 
0000d6d5  xTimerGetTimerDaemonTaskHandle       
0000d6f3  xTimerGetPeriod                      
0000d70f  xTimerGetExpiryTime                  
0000d72f  pcTimerGetName                       
0000db71  xTimerIsTimerActive                  
0000dbab  pvTimerGetTimerID                    
0000dbd3  vTimerSetTimerID                     
0000dc01  xTimerPendFunctionCallFromISR        
0000dc37  xTimerPendFunctionCall               
0000dc7d  uxTimerGetTimerNumber                
0000dc8b  vTimerSetTimerNumber                 
0000dcb7  IntMasterEnable                      
0000dcc7  IntMasterDisable                     
0000dcd7  IntRegister                          
0000dd4d  IntUnregister                        
0000dd6d  IntPriorityGroupingSet               
0000dd93  IntPriorityGroupingGet               
0000ddcb  IntPrioritySet                       
0000de2d  IntPriorityGet                       
0000de63  IntEnable                            
0000dee1  IntDisable                           
0000df69  IntIsEnabled                         
0000e01d  IntPendSet                           
0000e08d  IntPendClear                         
0000e0e7  IntPriorityMaskSet                   
0000e0f3  IntPriorityMaskGet                   
0000e0fb  IntTrigger                           
0000e145  RGBBlinkIntHandler                   
0000e173  RGBInit                              
0000e26d  RGBEnable                            
0000e325  RGBDisable                           
0000e383  RGBSet                               
0000e39b  RGBColorSet                          
0000e445  RGBIntensitySet                      
0000e459  RGBBlinkRateSet                      
0000e4e5  RGBColorGet                          
0000e637  USBDeviceConfig                      
0000e863  USBDeviceConfigAlternate             
0000e92d  pvPortMalloc                         
0000ea8b  vPortFree                            
0000eb15  xPortGetFreeHeapSize                 
0000eb1b  xPortGetMinimumEverFreeHeapSize      
0000eb21  vPortInitialiseBlocks                
0000ed93  USBDCDConfigDescGetSize              
0000edcb  USBDCDConfigDescGetNum               
0000ee19  USBDCDConfigDescGet                  
0000eea7  USBDCDConfigGetNumAlternateInterfaces
0000eefb  USBDCDConfigGetInterface             
0000ef31  USBDCDConfigGetInterfaceEndpoint     
0000ef9f  __mpu_init                           
0000efa1  pxPortInitialiseStack                
0000f027  xPortStartScheduler                  
0000f0d9  vPortEndScheduler                    
0000f0f9  vPortEnterCritical                   
0000f137  vPortExitCritical                    
0000f15f  xPortSysTickHandler                  
0000f185  vPortSetupTimerInterrupt             
0000f1b1  vPortValidateInterruptPriority       
0000f271  __error__                            
0000f27b  vApplicationStackOverflowHook        
0000f285  vApplicationTickHook                 
0000f2a5  vApplicationIdleHook                 
0000f2ad  vApplicationMallocFailedHook         
0000f2af  system_config                        
0000f3e1  main                                 
0000f43d  ButtonHandler                        
0000f4a5  __aeabi_uldivmod                     
0000f699  USBDescGetNum                        
0000f6f5  USBDescGet                           
0000f75f  USBDescGetNumAlternateInterfaces     
0000f819  USBDescGetInterface                  
0000f847  USBDescGetInterfaceEndpoint          
0000f86b  __aeabi_dsub                         
0000f875  __aeabi_dadd                         
0000fa21  __aeabi_ddiv                         
0000fb57  vListInitialise                      
0000fb87  vListInitialiseItem                  
0000fb97  vListInsertEnd                       
0000fbd3  vListInsert                          
0000fc39  uxListRemove                         
0000fc81  ButtonsPoll                          
0000fd27  ButtonsInit                          
0000fda9  CPUUsageTick                         
0000fde7  CPUUsageInit                         
0000fecd  __aeabi_dmul                         
0000ffc9  ldexp                                
0000ffc9  ldexpl                               
0000ffc9  scalbn                               
0000ffc9  scalbnl                              
000100c5  InternalUSBTickInit                  
00010103  InternalUSBTickReset                 
0001010b  InternalUSBRegisterTickHandler       
0001015b  InternalUSBStartOfFrameTick          
000101c1  ulPortGetIPSR                        
000101d9  xPortPendSVHandler                   
00010239  vPortSVCHandler                      
00010259  vPortStartFirstTask                  
0001027d  vPortEnableVFP                       
0001028b  ULPIConfigSet                        
0001032d  ULPIPowerTransceiver                 
00010353  __aeabi_memcpy                       
00010353  __aeabi_memcpy4                      
00010353  __aeabi_memcpy8                      
00010353  memcpy                               
000103ef  __aeabi_cdcmpeq                      
000103ef  __aeabi_cdcmple                      
00010475  __aeabi_cdrcmple                     
000104fb  __aeabi_memclr                       
000104fb  __aeabi_memclr4                      
000104fb  __aeabi_memclr8                      
000104fd  __aeabi_memset                       
000104fd  __aeabi_memset4                      
000104fd  __aeabi_memset8                      
00010503  memset                               
00010575  __TI_auto_init                       
000105e5  vConfigureTimerForRunTimeStats       
0001064d  __TI_decompress_lzss                 
000106b5  frexp                                
000106b5  frexpl                               
00010719  sprintf                              
00010779  _c_int00                             
000107cd  C$$EXIT                              
000107d1  abort                                
000107d9  exit                                 
00010821  ltoa                                 
00010875  __aeabi_f2ulz                        
000108c5  atoi                                 
00010911  copy_in                              
0001095d  __aeabi_d2iz                         
000109a5  __aeabi_uidiv                        
000109a5  __aeabi_uidivmod                     
000109e5  CPUcpsid                             
000109f1  CPUprimask                           
000109fb  CPUcpsie                             
00010a07  CPUwfi                               
00010a0b  CPUbasepriSet                        
00010a19  CPUbasepriGet                        
00010a23  __aeabi_i2d                          
00010a51  ResetISR                             
00010a7d  GetOverflowCounts                    
00010aa1  USB0DeviceIntHandler                 
00010ac5  memccpy                              
00010ae1  _args_main                           
00010af9  strchr                               
00010b0f  _system_post_cinit                   
00010b11  _register_unlock                     
00010b17  _register_lock                       
00010b1f  _nop                                 
00010b25  copysign                             
00010b25  copysignl                            
00010b39  strcpy                               
00010b4d  strlen                               
00010b61  __TI_decompress_none                 
00010b6f  __TI_zero_init                       
00010b7b  SysCtlDelay                          
00010b81  _system_pre_init                     
00010d34  _ctypes_                             
000113a4  ulMaxSyscallInterruptPriority        
0001143c  __TI_Handler_Table_Base              
00011448  __TI_Handler_Table_Limit             
00011458  __TI_CINIT_Base                      
00011470  __TI_CINIT_Limit                     
20000000  g_pfnRAMVectors                      
200056bc  g_psDCDInst                          
2000576c  g_pfnTickHandlers                    
20005784  g_pvTickInstance                     
20005874  g_ppsDevInfo                         
20005878  g_ui32CPUUsage                       
2000587c  g_ulSystemClock                      
20005880  xQueue                               
20005884  __stack                              
20005a84  __STACK_END                          
20005a84  __STACK_TOP                          
20005a84  pxCurrentTCB                         
20005b00  __TI_cleanup_ptr                     
20005b04  __TI_dtors_ptr                       
20005b08  __TI_enable_exit_profile_output      
20005b30  g_bUSBTimerInitialized               
20005b34  g_ui32CurrentUSBTick                 
20005b38  g_ui32USBSOFCount                    
20005b3c  g_iUSBMode                           
20005b40  g_ui32WaitTicks                      
20005b48  _lock                                
20005b4c  _unlock                              
20005b50  sensor_1                             
20005b58  sensor_2                             
20005b6c  errno                                
20005b70  main_func_sp                         
ffffffff  __TI_pprof_out_hndl                  
ffffffff  __TI_prof_data_size                  
ffffffff  __TI_prof_data_start                 
ffffffff  __binit__                            
ffffffff  __c_args__                           
ffffffff  binit                                
UNDEFED   SHT$$INIT_ARRAY$$Base                
UNDEFED   SHT$$INIT_ARRAY$$Limit               

[595 symbols]
