<?xml version="1.0"?>
<link_info>
   <banner>TI ARM Linker PC v16.9.4.LTS</banner>
   <copyright>Copyright (c) 1996-2017 Texas Instruments Incorporated</copyright>
   <link_time>0x650ee40d</link_time>
   <link_errors>0x0</link_errors>
   <output_file>EUI_EME_ARM13_FREERTOS_QUEUE.out</output_file>
   <entry_point>
      <name>_c_int00</name>
      <address>0x10779</address>
   </entry_point>
   <input_file_list>
      <input_file id="fl-2">
         <path>.\</path>
         <kind>object</kind>
         <file>main.obj</file>
         <name>main.obj</name>
      </input_file>
      <input_file id="fl-3">
         <path>.\</path>
         <kind>object</kind>
         <file>startup_ccs.obj</file>
         <name>startup_ccs.obj</name>
      </input_file>
      <input_file id="fl-4">
         <path>.\FreeRTOS\Source\</path>
         <kind>object</kind>
         <file>croutine.obj</file>
         <name>croutine.obj</name>
      </input_file>
      <input_file id="fl-5">
         <path>.\FreeRTOS\Source\</path>
         <kind>object</kind>
         <file>event_groups.obj</file>
         <name>event_groups.obj</name>
      </input_file>
      <input_file id="fl-6">
         <path>.\FreeRTOS\Source\</path>
         <kind>object</kind>
         <file>list.obj</file>
         <name>list.obj</name>
      </input_file>
      <input_file id="fl-7">
         <path>.\FreeRTOS\Source\</path>
         <kind>object</kind>
         <file>queue.obj</file>
         <name>queue.obj</name>
      </input_file>
      <input_file id="fl-8">
         <path>.\FreeRTOS\Source\</path>
         <kind>object</kind>
         <file>stream_buffer.obj</file>
         <name>stream_buffer.obj</name>
      </input_file>
      <input_file id="fl-9">
         <path>.\FreeRTOS\Source\</path>
         <kind>object</kind>
         <file>tasks.obj</file>
         <name>tasks.obj</name>
      </input_file>
      <input_file id="fl-a">
         <path>.\FreeRTOS\Source\</path>
         <kind>object</kind>
         <file>timers.obj</file>
         <name>timers.obj</name>
      </input_file>
      <input_file id="fl-b">
         <path>.\FreeRTOS\Source\portable\CCS\ARM_CM4F\</path>
         <kind>object</kind>
         <file>port.obj</file>
         <name>port.obj</name>
      </input_file>
      <input_file id="fl-c">
         <path>.\FreeRTOS\Source\portable\CCS\ARM_CM4F\</path>
         <kind>object</kind>
         <file>portasm.obj</file>
         <name>portasm.obj</name>
      </input_file>
      <input_file id="fl-d">
         <path>.\FreeRTOS\Source\portable\MemMang\</path>
         <kind>object</kind>
         <file>heap_4.obj</file>
         <name>heap_4.obj</name>
      </input_file>
      <input_file id="fl-e">
         <path>.\driverlib\</path>
         <kind>object</kind>
         <file>adc.obj</file>
         <name>adc.obj</name>
      </input_file>
      <input_file id="fl-f">
         <path>.\driverlib\</path>
         <kind>object</kind>
         <file>aes.obj</file>
         <name>aes.obj</name>
      </input_file>
      <input_file id="fl-10">
         <path>.\driverlib\</path>
         <kind>object</kind>
         <file>can.obj</file>
         <name>can.obj</name>
      </input_file>
      <input_file id="fl-11">
         <path>.\driverlib\</path>
         <kind>object</kind>
         <file>comp.obj</file>
         <name>comp.obj</name>
      </input_file>
      <input_file id="fl-12">
         <path>.\driverlib\</path>
         <kind>object</kind>
         <file>cpu.obj</file>
         <name>cpu.obj</name>
      </input_file>
      <input_file id="fl-13">
         <path>.\driverlib\</path>
         <kind>object</kind>
         <file>crc.obj</file>
         <name>crc.obj</name>
      </input_file>
      <input_file id="fl-14">
         <path>.\driverlib\</path>
         <kind>object</kind>
         <file>des.obj</file>
         <name>des.obj</name>
      </input_file>
      <input_file id="fl-15">
         <path>.\driverlib\</path>
         <kind>object</kind>
         <file>eeprom.obj</file>
         <name>eeprom.obj</name>
      </input_file>
      <input_file id="fl-16">
         <path>.\driverlib\</path>
         <kind>object</kind>
         <file>emac.obj</file>
         <name>emac.obj</name>
      </input_file>
      <input_file id="fl-17">
         <path>.\driverlib\</path>
         <kind>object</kind>
         <file>epi.obj</file>
         <name>epi.obj</name>
      </input_file>
      <input_file id="fl-18">
         <path>.\driverlib\</path>
         <kind>object</kind>
         <file>epi_workaround_ccs.obj</file>
         <name>epi_workaround_ccs.obj</name>
      </input_file>
      <input_file id="fl-19">
         <path>.\driverlib\</path>
         <kind>object</kind>
         <file>flash.obj</file>
         <name>flash.obj</name>
      </input_file>
      <input_file id="fl-1a">
         <path>.\driverlib\</path>
         <kind>object</kind>
         <file>fpu.obj</file>
         <name>fpu.obj</name>
      </input_file>
      <input_file id="fl-1b">
         <path>.\driverlib\</path>
         <kind>object</kind>
         <file>gpio.obj</file>
         <name>gpio.obj</name>
      </input_file>
      <input_file id="fl-1c">
         <path>.\driverlib\</path>
         <kind>object</kind>
         <file>hibernate.obj</file>
         <name>hibernate.obj</name>
      </input_file>
      <input_file id="fl-1d">
         <path>.\driverlib\</path>
         <kind>object</kind>
         <file>i2c.obj</file>
         <name>i2c.obj</name>
      </input_file>
      <input_file id="fl-1e">
         <path>.\driverlib\</path>
         <kind>object</kind>
         <file>interrupt.obj</file>
         <name>interrupt.obj</name>
      </input_file>
      <input_file id="fl-1f">
         <path>.\driverlib\</path>
         <kind>object</kind>
         <file>lcd.obj</file>
         <name>lcd.obj</name>
      </input_file>
      <input_file id="fl-20">
         <path>.\driverlib\</path>
         <kind>object</kind>
         <file>mpu.obj</file>
         <name>mpu.obj</name>
      </input_file>
      <input_file id="fl-21">
         <path>.\driverlib\</path>
         <kind>object</kind>
         <file>onewire.obj</file>
         <name>onewire.obj</name>
      </input_file>
      <input_file id="fl-22">
         <path>.\driverlib\</path>
         <kind>object</kind>
         <file>pwm.obj</file>
         <name>pwm.obj</name>
      </input_file>
      <input_file id="fl-23">
         <path>.\driverlib\</path>
         <kind>object</kind>
         <file>qei.obj</file>
         <name>qei.obj</name>
      </input_file>
      <input_file id="fl-24">
         <path>.\driverlib\</path>
         <kind>object</kind>
         <file>shamd5.obj</file>
         <name>shamd5.obj</name>
      </input_file>
      <input_file id="fl-25">
         <path>.\driverlib\</path>
         <kind>object</kind>
         <file>ssi.obj</file>
         <name>ssi.obj</name>
      </input_file>
      <input_file id="fl-26">
         <path>.\driverlib\</path>
         <kind>object</kind>
         <file>sw_crc.obj</file>
         <name>sw_crc.obj</name>
      </input_file>
      <input_file id="fl-27">
         <path>.\driverlib\</path>
         <kind>object</kind>
         <file>sysctl.obj</file>
         <name>sysctl.obj</name>
      </input_file>
      <input_file id="fl-28">
         <path>.\driverlib\</path>
         <kind>object</kind>
         <file>sysexc.obj</file>
         <name>sysexc.obj</name>
      </input_file>
      <input_file id="fl-29">
         <path>.\driverlib\</path>
         <kind>object</kind>
         <file>systick.obj</file>
         <name>systick.obj</name>
      </input_file>
      <input_file id="fl-2a">
         <path>.\driverlib\</path>
         <kind>object</kind>
         <file>timer.obj</file>
         <name>timer.obj</name>
      </input_file>
      <input_file id="fl-2b">
         <path>.\driverlib\</path>
         <kind>object</kind>
         <file>uart.obj</file>
         <name>uart.obj</name>
      </input_file>
      <input_file id="fl-2c">
         <path>.\driverlib\</path>
         <kind>object</kind>
         <file>udma.obj</file>
         <name>udma.obj</name>
      </input_file>
      <input_file id="fl-2d">
         <path>.\driverlib\</path>
         <kind>object</kind>
         <file>usb.obj</file>
         <name>usb.obj</name>
      </input_file>
      <input_file id="fl-2e">
         <path>.\driverlib\</path>
         <kind>object</kind>
         <file>watchdog.obj</file>
         <name>watchdog.obj</name>
      </input_file>
      <input_file id="fl-2f">
         <path>.\drivers\</path>
         <kind>object</kind>
         <file>buttons.obj</file>
         <name>buttons.obj</name>
      </input_file>
      <input_file id="fl-30">
         <path>.\drivers\</path>
         <kind>object</kind>
         <file>configADC.obj</file>
         <name>configADC.obj</name>
      </input_file>
      <input_file id="fl-31">
         <path>.\drivers\</path>
         <kind>object</kind>
         <file>rgb.obj</file>
         <name>rgb.obj</name>
      </input_file>
      <input_file id="fl-32">
         <path>.\usblib\device\</path>
         <kind>object</kind>
         <file>usbdaudio.obj</file>
         <name>usbdaudio.obj</name>
      </input_file>
      <input_file id="fl-33">
         <path>.\usblib\device\</path>
         <kind>object</kind>
         <file>usbdbulk.obj</file>
         <name>usbdbulk.obj</name>
      </input_file>
      <input_file id="fl-34">
         <path>.\usblib\device\</path>
         <kind>object</kind>
         <file>usbdcdc.obj</file>
         <name>usbdcdc.obj</name>
      </input_file>
      <input_file id="fl-35">
         <path>.\usblib\device\</path>
         <kind>object</kind>
         <file>usbdcdesc.obj</file>
         <name>usbdcdesc.obj</name>
      </input_file>
      <input_file id="fl-36">
         <path>.\usblib\device\</path>
         <kind>object</kind>
         <file>usbdcomp.obj</file>
         <name>usbdcomp.obj</name>
      </input_file>
      <input_file id="fl-37">
         <path>.\usblib\device\</path>
         <kind>object</kind>
         <file>usbdconfig.obj</file>
         <name>usbdconfig.obj</name>
      </input_file>
      <input_file id="fl-38">
         <path>.\usblib\device\</path>
         <kind>object</kind>
         <file>usbddfu-rt.obj</file>
         <name>usbddfu-rt.obj</name>
      </input_file>
      <input_file id="fl-39">
         <path>.\usblib\device\</path>
         <kind>object</kind>
         <file>usbdenum.obj</file>
         <name>usbdenum.obj</name>
      </input_file>
      <input_file id="fl-3a">
         <path>.\usblib\device\</path>
         <kind>object</kind>
         <file>usbdhandler.obj</file>
         <name>usbdhandler.obj</name>
      </input_file>
      <input_file id="fl-3b">
         <path>.\usblib\device\</path>
         <kind>object</kind>
         <file>usbdhid.obj</file>
         <name>usbdhid.obj</name>
      </input_file>
      <input_file id="fl-3c">
         <path>.\usblib\device\</path>
         <kind>object</kind>
         <file>usbdhidgamepad.obj</file>
         <name>usbdhidgamepad.obj</name>
      </input_file>
      <input_file id="fl-3d">
         <path>.\usblib\device\</path>
         <kind>object</kind>
         <file>usbdhidkeyb.obj</file>
         <name>usbdhidkeyb.obj</name>
      </input_file>
      <input_file id="fl-3e">
         <path>.\usblib\device\</path>
         <kind>object</kind>
         <file>usbdhidmouse.obj</file>
         <name>usbdhidmouse.obj</name>
      </input_file>
      <input_file id="fl-3f">
         <path>.\usblib\device\</path>
         <kind>object</kind>
         <file>usbdmsc.obj</file>
         <name>usbdmsc.obj</name>
      </input_file>
      <input_file id="fl-40">
         <path>.\usblib\host\</path>
         <kind>object</kind>
         <file>usbhaudio.obj</file>
         <name>usbhaudio.obj</name>
      </input_file>
      <input_file id="fl-41">
         <path>.\usblib\host\</path>
         <kind>object</kind>
         <file>usbhhid.obj</file>
         <name>usbhhid.obj</name>
      </input_file>
      <input_file id="fl-42">
         <path>.\usblib\host\</path>
         <kind>object</kind>
         <file>usbhhidkeyboard.obj</file>
         <name>usbhhidkeyboard.obj</name>
      </input_file>
      <input_file id="fl-43">
         <path>.\usblib\host\</path>
         <kind>object</kind>
         <file>usbhhidmouse.obj</file>
         <name>usbhhidmouse.obj</name>
      </input_file>
      <input_file id="fl-44">
         <path>.\usblib\host\</path>
         <kind>object</kind>
         <file>usbhhub.obj</file>
         <name>usbhhub.obj</name>
      </input_file>
      <input_file id="fl-45">
         <path>.\usblib\host\</path>
         <kind>object</kind>
         <file>usbhmsc.obj</file>
         <name>usbhmsc.obj</name>
      </input_file>
      <input_file id="fl-46">
         <path>.\usblib\host\</path>
         <kind>object</kind>
         <file>usbhostenum.obj</file>
         <name>usbhostenum.obj</name>
      </input_file>
      <input_file id="fl-47">
         <path>.\usblib\host\</path>
         <kind>object</kind>
         <file>usbhscsi.obj</file>
         <name>usbhscsi.obj</name>
      </input_file>
      <input_file id="fl-48">
         <path>.\usblib\</path>
         <kind>object</kind>
         <file>usbbuffer.obj</file>
         <name>usbbuffer.obj</name>
      </input_file>
      <input_file id="fl-49">
         <path>.\usblib\</path>
         <kind>object</kind>
         <file>usbdesc.obj</file>
         <name>usbdesc.obj</name>
      </input_file>
      <input_file id="fl-4a">
         <path>.\usblib\</path>
         <kind>object</kind>
         <file>usbdma.obj</file>
         <name>usbdma.obj</name>
      </input_file>
      <input_file id="fl-4b">
         <path>.\usblib\</path>
         <kind>object</kind>
         <file>usbkeyboardmap.obj</file>
         <name>usbkeyboardmap.obj</name>
      </input_file>
      <input_file id="fl-4c">
         <path>.\usblib\</path>
         <kind>object</kind>
         <file>usbmode.obj</file>
         <name>usbmode.obj</name>
      </input_file>
      <input_file id="fl-4d">
         <path>.\usblib\</path>
         <kind>object</kind>
         <file>usbringbuf.obj</file>
         <name>usbringbuf.obj</name>
      </input_file>
      <input_file id="fl-4e">
         <path>.\usblib\</path>
         <kind>object</kind>
         <file>usbtick.obj</file>
         <name>usbtick.obj</name>
      </input_file>
      <input_file id="fl-4f">
         <path>.\usblib\</path>
         <kind>object</kind>
         <file>usbulpi.obj</file>
         <name>usbulpi.obj</name>
      </input_file>
      <input_file id="fl-50">
         <path>.\utils\</path>
         <kind>object</kind>
         <file>RunTimeStatsConfig.obj</file>
         <name>RunTimeStatsConfig.obj</name>
      </input_file>
      <input_file id="fl-51">
         <path>.\utils\</path>
         <kind>object</kind>
         <file>cmdline.obj</file>
         <name>cmdline.obj</name>
      </input_file>
      <input_file id="fl-52">
         <path>.\utils\</path>
         <kind>object</kind>
         <file>cpu_usage.obj</file>
         <name>cpu_usage.obj</name>
      </input_file>
      <input_file id="fl-53">
         <path>.\utils\</path>
         <kind>object</kind>
         <file>uartstdio.obj</file>
         <name>uartstdio.obj</name>
      </input_file>
      <input_file id="fl-57">
         <kind>object</kind>
         <file>&lt;internal&gt;</file>
         <name>&lt;internal&gt;</name>
      </input_file>
      <input_file id="fl-10d">
         <path>C:\ti\ccsv7\tools\compiler\ti-cgt-arm_16.9.4.LTS\lib\</path>
         <kind>archive</kind>
         <file>rtsv7M4_T_le_v4SPD16_eabi.lib</file>
         <name>boot.obj</name>
      </input_file>
      <input_file id="fl-10e">
         <path>C:\ti\ccsv7\tools\compiler\ti-cgt-arm_16.9.4.LTS\lib\</path>
         <kind>archive</kind>
         <file>rtsv7M4_T_le_v4SPD16_eabi.lib</file>
         <name>copy_decompress_lzss.obj</name>
      </input_file>
      <input_file id="fl-10f">
         <path>C:\ti\ccsv7\tools\compiler\ti-cgt-arm_16.9.4.LTS\lib\</path>
         <kind>archive</kind>
         <file>rtsv7M4_T_le_v4SPD16_eabi.lib</file>
         <name>copy_decompress_none.obj</name>
      </input_file>
      <input_file id="fl-110">
         <path>C:\ti\ccsv7\tools\compiler\ti-cgt-arm_16.9.4.LTS\lib\</path>
         <kind>archive</kind>
         <file>rtsv7M4_T_le_v4SPD16_eabi.lib</file>
         <name>copy_zero_init.obj</name>
      </input_file>
      <input_file id="fl-111">
         <path>C:\ti\ccsv7\tools\compiler\ti-cgt-arm_16.9.4.LTS\lib\</path>
         <kind>archive</kind>
         <file>rtsv7M4_T_le_v4SPD16_eabi.lib</file>
         <name>exit.obj</name>
      </input_file>
      <input_file id="fl-112">
         <path>C:\ti\ccsv7\tools\compiler\ti-cgt-arm_16.9.4.LTS\lib\</path>
         <kind>archive</kind>
         <file>rtsv7M4_T_le_v4SPD16_eabi.lib</file>
         <name>fs_toull_t2.obj</name>
      </input_file>
      <input_file id="fl-113">
         <path>C:\ti\ccsv7\tools\compiler\ti-cgt-arm_16.9.4.LTS\lib\</path>
         <kind>archive</kind>
         <file>rtsv7M4_T_le_v4SPD16_eabi.lib</file>
         <name>memcpy_t2.obj</name>
      </input_file>
      <input_file id="fl-114">
         <path>C:\ti\ccsv7\tools\compiler\ti-cgt-arm_16.9.4.LTS\lib\</path>
         <kind>archive</kind>
         <file>rtsv7M4_T_le_v4SPD16_eabi.lib</file>
         <name>memset_t2.obj</name>
      </input_file>
      <input_file id="fl-115">
         <path>C:\ti\ccsv7\tools\compiler\ti-cgt-arm_16.9.4.LTS\lib\</path>
         <kind>archive</kind>
         <file>rtsv7M4_T_le_v4SPD16_eabi.lib</file>
         <name>mpu_init.obj</name>
      </input_file>
      <input_file id="fl-116">
         <path>C:\ti\ccsv7\tools\compiler\ti-cgt-arm_16.9.4.LTS\lib\</path>
         <kind>archive</kind>
         <file>rtsv7M4_T_le_v4SPD16_eabi.lib</file>
         <name>pre_init.obj</name>
      </input_file>
      <input_file id="fl-117">
         <path>C:\ti\ccsv7\tools\compiler\ti-cgt-arm_16.9.4.LTS\lib\</path>
         <kind>archive</kind>
         <file>rtsv7M4_T_le_v4SPD16_eabi.lib</file>
         <name>sprintf.obj</name>
      </input_file>
      <input_file id="fl-118">
         <path>C:\ti\ccsv7\tools\compiler\ti-cgt-arm_16.9.4.LTS\lib\</path>
         <kind>archive</kind>
         <file>rtsv7M4_T_le_v4SPD16_eabi.lib</file>
         <name>stkdepth_vars.obj</name>
      </input_file>
      <input_file id="fl-119">
         <path>C:\ti\ccsv7\tools\compiler\ti-cgt-arm_16.9.4.LTS\lib\</path>
         <kind>archive</kind>
         <file>rtsv7M4_T_le_v4SPD16_eabi.lib</file>
         <name>strcmp.obj</name>
      </input_file>
      <input_file id="fl-11a">
         <path>C:\ti\ccsv7\tools\compiler\ti-cgt-arm_16.9.4.LTS\lib\</path>
         <kind>archive</kind>
         <file>rtsv7M4_T_le_v4SPD16_eabi.lib</file>
         <name>strcpy.obj</name>
      </input_file>
      <input_file id="fl-11b">
         <path>C:\ti\ccsv7\tools\compiler\ti-cgt-arm_16.9.4.LTS\lib\</path>
         <kind>archive</kind>
         <file>rtsv7M4_T_le_v4SPD16_eabi.lib</file>
         <name>strlen.obj</name>
      </input_file>
      <input_file id="fl-11c">
         <path>C:\ti\ccsv7\tools\compiler\ti-cgt-arm_16.9.4.LTS\lib\</path>
         <kind>archive</kind>
         <file>rtsv7M4_T_le_v4SPD16_eabi.lib</file>
         <name>u_divt2.obj</name>
      </input_file>
      <input_file id="fl-11d">
         <path>C:\ti\ccsv7\tools\compiler\ti-cgt-arm_16.9.4.LTS\lib\</path>
         <kind>archive</kind>
         <file>rtsv7M4_T_le_v4SPD16_eabi.lib</file>
         <name>_lock.obj</name>
      </input_file>
      <input_file id="fl-11e">
         <path>C:\ti\ccsv7\tools\compiler\ti-cgt-arm_16.9.4.LTS\lib\</path>
         <kind>archive</kind>
         <file>rtsv7M4_T_le_v4SPD16_eabi.lib</file>
         <name>_printfi.obj</name>
      </input_file>
      <input_file id="fl-11f">
         <path>C:\ti\ccsv7\tools\compiler\ti-cgt-arm_16.9.4.LTS\lib\</path>
         <kind>archive</kind>
         <file>rtsv7M4_T_le_v4SPD16_eabi.lib</file>
         <name>args_main.obj</name>
      </input_file>
      <input_file id="fl-120">
         <path>C:\ti\ccsv7\tools\compiler\ti-cgt-arm_16.9.4.LTS\lib\</path>
         <kind>archive</kind>
         <file>rtsv7M4_T_le_v4SPD16_eabi.lib</file>
         <name>atoi.obj</name>
      </input_file>
      <input_file id="fl-121">
         <path>C:\ti\ccsv7\tools\compiler\ti-cgt-arm_16.9.4.LTS\lib\</path>
         <kind>archive</kind>
         <file>rtsv7M4_T_le_v4SPD16_eabi.lib</file>
         <name>autoinit.obj</name>
      </input_file>
      <input_file id="fl-122">
         <path>C:\ti\ccsv7\tools\compiler\ti-cgt-arm_16.9.4.LTS\lib\</path>
         <kind>archive</kind>
         <file>rtsv7M4_T_le_v4SPD16_eabi.lib</file>
         <name>cpy_tbl.obj</name>
      </input_file>
      <input_file id="fl-123">
         <path>C:\ti\ccsv7\tools\compiler\ti-cgt-arm_16.9.4.LTS\lib\</path>
         <kind>archive</kind>
         <file>rtsv7M4_T_le_v4SPD16_eabi.lib</file>
         <name>ctype.obj</name>
      </input_file>
      <input_file id="fl-124">
         <path>C:\ti\ccsv7\tools\compiler\ti-cgt-arm_16.9.4.LTS\lib\</path>
         <kind>archive</kind>
         <file>rtsv7M4_T_le_v4SPD16_eabi.lib</file>
         <name>fd_add_t2.obj</name>
      </input_file>
      <input_file id="fl-125">
         <path>C:\ti\ccsv7\tools\compiler\ti-cgt-arm_16.9.4.LTS\lib\</path>
         <kind>archive</kind>
         <file>rtsv7M4_T_le_v4SPD16_eabi.lib</file>
         <name>fd_cmp_t2.obj</name>
      </input_file>
      <input_file id="fl-126">
         <path>C:\ti\ccsv7\tools\compiler\ti-cgt-arm_16.9.4.LTS\lib\</path>
         <kind>archive</kind>
         <file>rtsv7M4_T_le_v4SPD16_eabi.lib</file>
         <name>fd_div_t2.obj</name>
      </input_file>
      <input_file id="fl-127">
         <path>C:\ti\ccsv7\tools\compiler\ti-cgt-arm_16.9.4.LTS\lib\</path>
         <kind>archive</kind>
         <file>rtsv7M4_T_le_v4SPD16_eabi.lib</file>
         <name>fd_mul_t2.obj</name>
      </input_file>
      <input_file id="fl-128">
         <path>C:\ti\ccsv7\tools\compiler\ti-cgt-arm_16.9.4.LTS\lib\</path>
         <kind>archive</kind>
         <file>rtsv7M4_T_le_v4SPD16_eabi.lib</file>
         <name>fd_toi_t2.obj</name>
      </input_file>
      <input_file id="fl-129">
         <path>C:\ti\ccsv7\tools\compiler\ti-cgt-arm_16.9.4.LTS\lib\</path>
         <kind>archive</kind>
         <file>rtsv7M4_T_le_v4SPD16_eabi.lib</file>
         <name>i_div0.obj</name>
      </input_file>
      <input_file id="fl-12a">
         <path>C:\ti\ccsv7\tools\compiler\ti-cgt-arm_16.9.4.LTS\lib\</path>
         <kind>archive</kind>
         <file>rtsv7M4_T_le_v4SPD16_eabi.lib</file>
         <name>i_tofd_t2.obj</name>
      </input_file>
      <input_file id="fl-12b">
         <path>C:\ti\ccsv7\tools\compiler\ti-cgt-arm_16.9.4.LTS\lib\</path>
         <kind>archive</kind>
         <file>rtsv7M4_T_le_v4SPD16_eabi.lib</file>
         <name>ltoa.obj</name>
      </input_file>
      <input_file id="fl-12c">
         <path>C:\ti\ccsv7\tools\compiler\ti-cgt-arm_16.9.4.LTS\lib\</path>
         <kind>archive</kind>
         <file>rtsv7M4_T_le_v4SPD16_eabi.lib</file>
         <name>memccpy.obj</name>
      </input_file>
      <input_file id="fl-12d">
         <path>C:\ti\ccsv7\tools\compiler\ti-cgt-arm_16.9.4.LTS\lib\</path>
         <kind>archive</kind>
         <file>rtsv7M4_T_le_v4SPD16_eabi.lib</file>
         <name>s_frexp.obj</name>
      </input_file>
      <input_file id="fl-12e">
         <path>C:\ti\ccsv7\tools\compiler\ti-cgt-arm_16.9.4.LTS\lib\</path>
         <kind>archive</kind>
         <file>rtsv7M4_T_le_v4SPD16_eabi.lib</file>
         <name>s_scalbn.obj</name>
      </input_file>
      <input_file id="fl-12f">
         <path>C:\ti\ccsv7\tools\compiler\ti-cgt-arm_16.9.4.LTS\lib\</path>
         <kind>archive</kind>
         <file>rtsv7M4_T_le_v4SPD16_eabi.lib</file>
         <name>startup.obj</name>
      </input_file>
      <input_file id="fl-130">
         <path>C:\ti\ccsv7\tools\compiler\ti-cgt-arm_16.9.4.LTS\lib\</path>
         <kind>archive</kind>
         <file>rtsv7M4_T_le_v4SPD16_eabi.lib</file>
         <name>strchr.obj</name>
      </input_file>
      <input_file id="fl-131">
         <path>C:\ti\ccsv7\tools\compiler\ti-cgt-arm_16.9.4.LTS\lib\</path>
         <kind>archive</kind>
         <file>rtsv7M4_T_le_v4SPD16_eabi.lib</file>
         <name>ull_div_t2.obj</name>
      </input_file>
      <input_file id="fl-132">
         <path>C:\ti\ccsv7\tools\compiler\ti-cgt-arm_16.9.4.LTS\lib\</path>
         <kind>archive</kind>
         <file>rtsv7M4_T_le_v4SPD16_eabi.lib</file>
         <name>errno.obj</name>
      </input_file>
      <input_file id="fl-133">
         <path>C:\ti\ccsv7\tools\compiler\ti-cgt-arm_16.9.4.LTS\lib\</path>
         <kind>archive</kind>
         <file>rtsv7M4_T_le_v4SPD16_eabi.lib</file>
         <name>s_copysign.obj</name>
      </input_file>
   </input_file_list>
   <object_component_list>
      <object_component id="oc-f">
         <name>.intvecs</name>
         <load_address>0x0</load_address>
         <run_address>0x0</run_address>
         <size>0x26c</size>
         <input_file_ref idref="fl-3"/>
      </object_component>
      <object_component id="oc-1f9">
         <name>.text</name>
         <load_address>0x26c</load_address>
         <run_address>0x26c</run_address>
         <size>0x238c</size>
         <input_file_ref idref="fl-2d"/>
      </object_component>
      <object_component id="oc-97">
         <name>.text</name>
         <load_address>0x25f8</load_address>
         <run_address>0x25f8</run_address>
         <size>0x1efc</size>
         <input_file_ref idref="fl-9"/>
      </object_component>
      <object_component id="oc-185">
         <name>.text</name>
         <load_address>0x44f4</load_address>
         <run_address>0x44f4</run_address>
         <size>0x1690</size>
         <input_file_ref idref="fl-27"/>
      </object_component>
      <object_component id="oc-ed">
         <name>.text</name>
         <load_address>0x5b84</load_address>
         <run_address>0x5b84</run_address>
         <size>0x1570</size>
         <input_file_ref idref="fl-39"/>
      </object_component>
      <object_component id="oc-197">
         <name>.text</name>
         <load_address>0x70f4</load_address>
         <run_address>0x70f4</run_address>
         <size>0x11f4</size>
         <input_file_ref idref="fl-1b"/>
      </object_component>
      <object_component id="oc-2ac">
         <name>.text</name>
         <load_address>0x82e8</load_address>
         <run_address>0x82e8</run_address>
         <size>0x113e</size>
         <input_file_ref idref="fl-11e"/>
      </object_component>
      <object_component id="oc-1ed">
         <name>.text</name>
         <load_address>0x9426</load_address>
         <run_address>0x9426</run_address>
         <size>0x2</size>
         <input_file_ref idref="fl-129"/>
      </object_component>
      <object_component id="oc-205">
         <name>.text</name>
         <load_address>0x9428</load_address>
         <run_address>0x9428</run_address>
         <size>0xfa8</size>
         <input_file_ref idref="fl-4a"/>
      </object_component>
      <object_component id="oc-b8">
         <name>.text</name>
         <load_address>0xa3d0</load_address>
         <run_address>0xa3d0</run_address>
         <size>0xeb4</size>
         <input_file_ref idref="fl-7"/>
      </object_component>
      <object_component id="oc-29b">
         <name>.text</name>
         <load_address>0xb284</load_address>
         <run_address>0xb284</run_address>
         <size>0xd08</size>
         <input_file_ref idref="fl-2a"/>
      </object_component>
      <object_component id="oc-3c">
         <name>.text</name>
         <load_address>0xbf8c</load_address>
         <run_address>0xbf8c</run_address>
         <size>0xb8c</size>
         <input_file_ref idref="fl-53"/>
      </object_component>
      <object_component id="oc-be">
         <name>.text</name>
         <load_address>0xcb18</load_address>
         <run_address>0xcb18</run_address>
         <size>0xa80</size>
         <input_file_ref idref="fl-2b"/>
      </object_component>
      <object_component id="oc-14b">
         <name>.text</name>
         <load_address>0xd598</load_address>
         <run_address>0xd598</run_address>
         <size>0x71c</size>
         <input_file_ref idref="fl-a"/>
      </object_component>
      <object_component id="oc-191">
         <name>.text</name>
         <load_address>0xdcb4</load_address>
         <run_address>0xdcb4</run_address>
         <size>0x490</size>
         <input_file_ref idref="fl-1e"/>
      </object_component>
      <object_component id="oc-19d">
         <name>.text</name>
         <load_address>0xe144</load_address>
         <run_address>0xe144</run_address>
         <size>0x42c</size>
         <input_file_ref idref="fl-31"/>
      </object_component>
      <object_component id="oc-22a">
         <name>.text</name>
         <load_address>0xe570</load_address>
         <run_address>0xe570</run_address>
         <size>0x3bc</size>
         <input_file_ref idref="fl-37"/>
      </object_component>
      <object_component id="oc-133">
         <name>.text</name>
         <load_address>0xe92c</load_address>
         <run_address>0xe92c</run_address>
         <size>0x394</size>
         <input_file_ref idref="fl-d"/>
      </object_component>
      <object_component id="oc-224">
         <name>.text</name>
         <load_address>0xecc0</load_address>
         <run_address>0xecc0</run_address>
         <size>0x2de</size>
         <input_file_ref idref="fl-35"/>
      </object_component>
      <object_component id="oc-6e">
         <name>.text</name>
         <load_address>0xef9e</load_address>
         <run_address>0xef9e</run_address>
         <size>0x2</size>
         <input_file_ref idref="fl-115"/>
      </object_component>
      <object_component id="oc-36">
         <name>.text</name>
         <load_address>0xefa0</load_address>
         <run_address>0xefa0</run_address>
         <size>0x2d0</size>
         <input_file_ref idref="fl-b"/>
      </object_component>
      <object_component id="oc-9e">
         <name>.text</name>
         <load_address>0xf270</load_address>
         <run_address>0xf270</run_address>
         <size>0x234</size>
         <input_file_ref idref="fl-2"/>
      </object_component>
      <object_component id="oc-38d">
         <name>.text</name>
         <load_address>0xf4a4</load_address>
         <run_address>0xf4a4</run_address>
         <size>0x1f4</size>
         <input_file_ref idref="fl-131"/>
      </object_component>
      <object_component id="oc-347">
         <name>.text</name>
         <load_address>0xf698</load_address>
         <run_address>0xf698</run_address>
         <size>0x1d2</size>
         <input_file_ref idref="fl-49"/>
      </object_component>
      <object_component id="oc-3b6">
         <name>.text</name>
         <load_address>0xf86a</load_address>
         <run_address>0xf86a</run_address>
         <size>0x1b6</size>
         <input_file_ref idref="fl-124"/>
      </object_component>
      <object_component id="oc-39c">
         <name>.text</name>
         <load_address>0xfa20</load_address>
         <run_address>0xfa20</run_address>
         <size>0x136</size>
         <input_file_ref idref="fl-126"/>
      </object_component>
      <object_component id="oc-139">
         <name>.text</name>
         <load_address>0xfb56</load_address>
         <run_address>0xfb56</run_address>
         <size>0x12a</size>
         <input_file_ref idref="fl-6"/>
      </object_component>
      <object_component id="oc-18b">
         <name>.text</name>
         <load_address>0xfc80</load_address>
         <run_address>0xfc80</run_address>
         <size>0x128</size>
         <input_file_ref idref="fl-2f"/>
      </object_component>
      <object_component id="oc-17f">
         <name>.text</name>
         <load_address>0xfda8</load_address>
         <run_address>0xfda8</run_address>
         <size>0x124</size>
         <input_file_ref idref="fl-52"/>
      </object_component>
      <object_component id="oc-397">
         <name>.text</name>
         <load_address>0xfecc</load_address>
         <run_address>0xfecc</run_address>
         <size>0xfc</size>
         <input_file_ref idref="fl-127"/>
      </object_component>
      <object_component id="oc-3c1">
         <name>.text</name>
         <load_address>0xffc8</load_address>
         <run_address>0xffc8</run_address>
         <size>0xfc</size>
         <input_file_ref idref="fl-12e"/>
      </object_component>
      <object_component id="oc-20b">
         <name>.text</name>
         <load_address>0x100c4</load_address>
         <run_address>0x100c4</run_address>
         <size>0xec</size>
         <input_file_ref idref="fl-4e"/>
      </object_component>
      <object_component id="oc-31">
         <name>.text</name>
         <load_address>0x101b0</load_address>
         <run_address>0x101b0</run_address>
         <size>0xda</size>
         <input_file_ref idref="fl-c"/>
      </object_component>
      <object_component id="oc-1ff">
         <name>.text</name>
         <load_address>0x1028a</load_address>
         <run_address>0x1028a</run_address>
         <size>0xc8</size>
         <input_file_ref idref="fl-4f"/>
      </object_component>
      <object_component id="oc-56">
         <name>.text</name>
         <load_address>0x10352</load_address>
         <run_address>0x10352</run_address>
         <size>0x9c</size>
         <input_file_ref idref="fl-113"/>
      </object_component>
      <object_component id="oc-392">
         <name>.text:__aeabi_cdcmple</name>
         <load_address>0x103ee</load_address>
         <run_address>0x103ee</run_address>
         <size>0x86</size>
         <input_file_ref idref="fl-125"/>
      </object_component>
      <object_component id="oc-3a1">
         <name>.text:__aeabi_cdrcmple</name>
         <load_address>0x10474</load_address>
         <run_address>0x10474</run_address>
         <size>0x86</size>
         <input_file_ref idref="fl-125"/>
      </object_component>
      <object_component id="oc-62">
         <name>.text</name>
         <load_address>0x104fa</load_address>
         <run_address>0x104fa</run_address>
         <size>0x7a</size>
         <input_file_ref idref="fl-114"/>
      </object_component>
      <object_component id="oc-7a">
         <name>.text</name>
         <load_address>0x10574</load_address>
         <run_address>0x10574</run_address>
         <size>0x70</size>
         <input_file_ref idref="fl-121"/>
      </object_component>
      <object_component id="oc-151">
         <name>.text</name>
         <load_address>0x105e4</load_address>
         <run_address>0x105e4</run_address>
         <size>0x68</size>
         <input_file_ref idref="fl-50"/>
      </object_component>
      <object_component id="oc-12">
         <name>.text:decompress:lzss</name>
         <load_address>0x1064c</load_address>
         <run_address>0x1064c</run_address>
         <size>0x68</size>
         <input_file_ref idref="fl-10e"/>
      </object_component>
      <object_component id="oc-3bb">
         <name>.text</name>
         <load_address>0x106b4</load_address>
         <run_address>0x106b4</run_address>
         <size>0x64</size>
         <input_file_ref idref="fl-12d"/>
      </object_component>
      <object_component id="oc-173">
         <name>.text</name>
         <load_address>0x10718</load_address>
         <run_address>0x10718</run_address>
         <size>0x60</size>
         <input_file_ref idref="fl-117"/>
      </object_component>
      <object_component id="oc-24">
         <name>.text</name>
         <load_address>0x10778</load_address>
         <run_address>0x10778</run_address>
         <size>0x54</size>
         <input_file_ref idref="fl-10d"/>
      </object_component>
      <object_component id="oc-86">
         <name>.text</name>
         <load_address>0x107cc</load_address>
         <run_address>0x107cc</run_address>
         <size>0x54</size>
         <input_file_ref idref="fl-111"/>
      </object_component>
      <object_component id="oc-3ab">
         <name>.text</name>
         <load_address>0x10820</load_address>
         <run_address>0x10820</run_address>
         <size>0x54</size>
         <input_file_ref idref="fl-12b"/>
      </object_component>
      <object_component id="oc-2fe">
         <name>.text</name>
         <load_address>0x10874</load_address>
         <run_address>0x10874</run_address>
         <size>0x50</size>
         <input_file_ref idref="fl-112"/>
      </object_component>
      <object_component id="oc-3cd">
         <name>.text</name>
         <load_address>0x108c4</load_address>
         <run_address>0x108c4</run_address>
         <size>0x4c</size>
         <input_file_ref idref="fl-120"/>
      </object_component>
      <object_component id="oc-10e">
         <name>.text</name>
         <load_address>0x10910</load_address>
         <run_address>0x10910</run_address>
         <size>0x4c</size>
         <input_file_ref idref="fl-122"/>
      </object_component>
      <object_component id="oc-3a6">
         <name>.text</name>
         <load_address>0x1095c</load_address>
         <run_address>0x1095c</run_address>
         <size>0x48</size>
         <input_file_ref idref="fl-128"/>
      </object_component>
      <object_component id="oc-d9">
         <name>.text</name>
         <load_address>0x109a4</load_address>
         <run_address>0x109a4</run_address>
         <size>0x40</size>
         <input_file_ref idref="fl-11c"/>
      </object_component>
      <object_component id="oc-2c2">
         <name>.text</name>
         <load_address>0x109e4</load_address>
         <run_address>0x109e4</run_address>
         <size>0x3e</size>
         <input_file_ref idref="fl-12"/>
      </object_component>
      <object_component id="oc-3b1">
         <name>.text</name>
         <load_address>0x10a22</load_address>
         <run_address>0x10a22</run_address>
         <size>0x2e</size>
         <input_file_ref idref="fl-12a"/>
      </object_component>
      <object_component id="oc-2b">
         <name>.text</name>
         <load_address>0x10a50</load_address>
         <run_address>0x10a50</run_address>
         <size>0x2c</size>
         <input_file_ref idref="fl-3"/>
      </object_component>
      <object_component id="oc-15a">
         <name>.text:GetOverflowCounts</name>
         <load_address>0x10a7c</load_address>
         <run_address>0x10a7c</run_address>
         <size>0x24</size>
         <input_file_ref idref="fl-50"/>
      </object_component>
      <object_component id="oc-42">
         <name>.text</name>
         <load_address>0x10aa0</load_address>
         <run_address>0x10aa0</run_address>
         <size>0x24</size>
         <input_file_ref idref="fl-3a"/>
      </object_component>
      <object_component id="oc-3d3">
         <name>.text</name>
         <load_address>0x10ac4</load_address>
         <run_address>0x10ac4</run_address>
         <size>0x1c</size>
         <input_file_ref idref="fl-12c"/>
      </object_component>
      <object_component id="oc-80">
         <name>.text</name>
         <load_address>0x10ae0</load_address>
         <run_address>0x10ae0</run_address>
         <size>0x18</size>
         <input_file_ref idref="fl-11f"/>
      </object_component>
      <object_component id="oc-3c7">
         <name>.text</name>
         <load_address>0x10af8</load_address>
         <run_address>0x10af8</run_address>
         <size>0x16</size>
         <input_file_ref idref="fl-130"/>
      </object_component>
      <object_component id="oc-114">
         <name>.text</name>
         <load_address>0x10b0e</load_address>
         <run_address>0x10b0e</run_address>
         <size>0x2</size>
         <input_file_ref idref="fl-12f"/>
      </object_component>
      <object_component id="oc-253">
         <name>.text</name>
         <load_address>0x10b10</load_address>
         <run_address>0x10b10</run_address>
         <size>0x14</size>
         <input_file_ref idref="fl-11d"/>
      </object_component>
      <object_component id="oc-477">
         <name>.text</name>
         <load_address>0x10b24</load_address>
         <run_address>0x10b24</run_address>
         <size>0x14</size>
         <input_file_ref idref="fl-133"/>
      </object_component>
      <object_component id="oc-167">
         <name>.text</name>
         <load_address>0x10b38</load_address>
         <run_address>0x10b38</run_address>
         <size>0x14</size>
         <input_file_ref idref="fl-11a"/>
      </object_component>
      <object_component id="oc-16d">
         <name>.text</name>
         <load_address>0x10b4c</load_address>
         <run_address>0x10b4c</run_address>
         <size>0x14</size>
         <input_file_ref idref="fl-11b"/>
      </object_component>
      <object_component id="oc-18">
         <name>.text:decompress:none</name>
         <load_address>0x10b60</load_address>
         <run_address>0x10b60</run_address>
         <size>0xe</size>
         <input_file_ref idref="fl-10f"/>
      </object_component>
      <object_component id="oc-1e">
         <name>.text:decompress:ZI</name>
         <load_address>0x10b6e</load_address>
         <run_address>0x10b6e</run_address>
         <size>0xc</size>
         <input_file_ref idref="fl-110"/>
      </object_component>
      <object_component id="oc-2d1">
         <name>.text:SysCtlDelay</name>
         <load_address>0x10b7a</load_address>
         <run_address>0x10b7a</run_address>
         <size>0x6</size>
         <input_file_ref idref="fl-27"/>
      </object_component>
      <object_component id="oc-74">
         <name>.text</name>
         <load_address>0x10b80</load_address>
         <run_address>0x10b80</run_address>
         <size>0x4</size>
         <input_file_ref idref="fl-116"/>
      </object_component>
      <object_component id="oc-2ce">
         <name>.const:g_pppui32XTALtoVCO</name>
         <load_address>0x10b84</load_address>
         <run_address>0x10b84</run_address>
         <size>0x1b0</size>
         <input_file_ref idref="fl-27"/>
      </object_component>
      <object_component id="oc-484">
         <name>.const:.string:_ctypes_</name>
         <load_address>0x10d34</load_address>
         <run_address>0x10d34</run_address>
         <size>0x101</size>
         <input_file_ref idref="fl-123"/>
      </object_component>
      <object_component id="oc-2f6">
         <name>.const:g_ppui32GPIOIntMapSnowflake</name>
         <load_address>0x10e38</load_address>
         <run_address>0x10e38</run_address>
         <size>0xd8</size>
         <input_file_ref idref="fl-1b"/>
      </object_component>
      <object_component id="oc-2f0">
         <name>.const:g_ppui32GPIOIntMapBlizzard</name>
         <load_address>0x10f10</load_address>
         <run_address>0x10f10</run_address>
         <size>0xc0</size>
         <input_file_ref idref="fl-1b"/>
      </object_component>
      <object_component id="oc-2df">
         <name>.const:g_pui32Regs</name>
         <load_address>0x10fd0</load_address>
         <run_address>0x10fd0</run_address>
         <size>0x9c</size>
         <input_file_ref idref="fl-1e"/>
      </object_component>
      <object_component id="oc-2f9">
         <name>.const:g_pui32GPIOBaseAddrs</name>
         <load_address>0x1106c</load_address>
         <run_address>0x1106c</run_address>
         <size>0x90</size>
         <input_file_ref idref="fl-1b"/>
      </object_component>
      <object_component id="oc-2c8">
         <name>.const:g_pui32Xtals</name>
         <load_address>0x110fc</load_address>
         <run_address>0x110fc</run_address>
         <size>0x6c</size>
         <input_file_ref idref="fl-27"/>
      </object_component>
      <object_component id="oc-37e">
         <name>.const:g_ppui32TimerIntMap</name>
         <load_address>0x11168</load_address>
         <run_address>0x11168</run_address>
         <size>0x60</size>
         <input_file_ref idref="fl-2a"/>
      </object_component>
      <object_component id="oc-384">
         <name>.const:g_ppui32TimerIntMapSnowflake</name>
         <load_address>0x111c8</load_address>
         <run_address>0x111c8</run_address>
         <size>0x40</size>
         <input_file_ref idref="fl-2a"/>
      </object_component>
      <object_component id="oc-1cf">
         <name>.const:g_ppui32UARTIntMap</name>
         <load_address>0x11208</load_address>
         <run_address>0x11208</run_address>
         <size>0x40</size>
         <input_file_ref idref="fl-2b"/>
      </object_component>
      <object_component id="oc-1d5">
         <name>.const:g_ppui32UARTIntMapSnowflake</name>
         <load_address>0x11248</load_address>
         <run_address>0x11248</run_address>
         <size>0x40</size>
         <input_file_ref idref="fl-2b"/>
      </object_component>
      <object_component id="oc-221">
         <name>.const:g_psUSBDStdRequests</name>
         <load_address>0x11288</load_address>
         <run_address>0x11288</run_address>
         <size>0x34</size>
         <input_file_ref idref="fl-39"/>
      </object_component>
      <object_component id="oc-2bf">
         <name>.const:g_sXTALtoMEMTIM</name>
         <load_address>0x112bc</load_address>
         <run_address>0x112bc</run_address>
         <size>0x30</size>
         <input_file_ref idref="fl-27"/>
      </object_component>
      <object_component id="oc-2dc">
         <name>.const:g_pui32Priority</name>
         <load_address>0x112ec</load_address>
         <run_address>0x112ec</run_address>
         <size>0x20</size>
         <input_file_ref idref="fl-1e"/>
      </object_component>
      <object_component id="oc-2e5">
         <name>.const:g_pui32Dii16Regs</name>
         <load_address>0x1130c</load_address>
         <run_address>0x1130c</run_address>
         <size>0x14</size>
         <input_file_ref idref="fl-1e"/>
      </object_component>
      <object_component id="oc-2e2">
         <name>.const:g_pui32EnRegs</name>
         <load_address>0x11320</load_address>
         <run_address>0x11320</run_address>
         <size>0x14</size>
         <input_file_ref idref="fl-1e"/>
      </object_component>
      <object_component id="oc-2e8">
         <name>.const:g_pui32PendRegs</name>
         <load_address>0x11334</load_address>
         <run_address>0x11334</run_address>
         <size>0x14</size>
         <input_file_ref idref="fl-1e"/>
      </object_component>
      <object_component id="oc-2eb">
         <name>.const:g_pui32UnpendRegs</name>
         <load_address>0x11348</load_address>
         <run_address>0x11348</run_address>
         <size>0x14</size>
         <input_file_ref idref="fl-1e"/>
      </object_component>
      <object_component id="oc-1f4">
         <name>.const:.string</name>
         <load_address>0x1135c</load_address>
         <run_address>0x1135c</run_address>
         <size>0x12</size>
         <input_file_ref idref="fl-53"/>
      </object_component>
      <object_component id="oc-c7">
         <name>.const:g_ui32UARTBase</name>
         <load_address>0x11370</load_address>
         <run_address>0x11370</run_address>
         <size>0xc</size>
         <input_file_ref idref="fl-53"/>
      </object_component>
      <object_component id="oc-cd">
         <name>.const:g_ui32UARTInt</name>
         <load_address>0x1137c</load_address>
         <run_address>0x1137c</run_address>
         <size>0xc</size>
         <input_file_ref idref="fl-53"/>
      </object_component>
      <object_component id="oc-ca">
         <name>.const:g_ui32UARTPeriph</name>
         <load_address>0x11388</load_address>
         <run_address>0x11388</run_address>
         <size>0xc</size>
         <input_file_ref idref="fl-53"/>
      </object_component>
      <object_component id="oc-2cb">
         <name>.const:g_pui32VCOFrequencies</name>
         <load_address>0x11394</load_address>
         <run_address>0x11394</run_address>
         <size>0x8</size>
         <input_file_ref idref="fl-27"/>
      </object_component>
      <object_component id="oc-2f3">
         <name>.const</name>
         <load_address>0x1139c</load_address>
         <run_address>0x1139c</run_address>
         <size>0x8</size>
         <input_file_ref idref="fl-1b"/>
      </object_component>
      <object_component id="oc-94">
         <name>.const</name>
         <load_address>0x113a4</load_address>
         <run_address>0x113a4</run_address>
         <size>0x8</size>
         <input_file_ref idref="fl-b"/>
      </object_component>
      <object_component id="oc-381">
         <name>.const</name>
         <load_address>0x113ac</load_address>
         <run_address>0x113ac</run_address>
         <size>0x8</size>
         <input_file_ref idref="fl-2a"/>
      </object_component>
      <object_component id="oc-1d2">
         <name>.const</name>
         <load_address>0x113b4</load_address>
         <run_address>0x113b4</run_address>
         <size>0x8</size>
         <input_file_ref idref="fl-2b"/>
      </object_component>
      <object_component id="oc-273">
         <name>.const</name>
         <load_address>0x113bc</load_address>
         <run_address>0x113bc</run_address>
         <size>0x4</size>
         <input_file_ref idref="fl-d"/>
      </object_component>
      <object_component id="oc-de">
         <name>.const</name>
         <load_address>0x113c0</load_address>
         <run_address>0x113c0</run_address>
         <size>0x4</size>
         <input_file_ref idref="fl-53"/>
      </object_component>
      <object_component id="oc-50c">
         <name>.cinit..data.load</name>
         <load_address>0x113c8</load_address>
         <run_address>0x113c8</run_address>
         <size>0x71</size>
      </object_component>
      <object_component id="oc-509">
         <name>__TI_handler_table</name>
         <load_address>0x1143c</load_address>
         <run_address>0x1143c</run_address>
         <size>0xc</size>
      </object_component>
      <object_component id="oc-50d">
         <name>.cinit..bss.load</name>
         <load_address>0x11448</load_address>
         <run_address>0x11448</run_address>
         <size>0x8</size>
      </object_component>
      <object_component id="oc-50b">
         <name>.cinit..vtable.load</name>
         <load_address>0x11450</load_address>
         <run_address>0x11450</run_address>
         <size>0x8</size>
      </object_component>
      <object_component id="oc-50a">
         <name>__TI_cinit_table</name>
         <load_address>0x11458</load_address>
         <run_address>0x11458</run_address>
         <size>0x18</size>
      </object_component>
      <object_component id="oc-2d9">
         <name>.vtable</name>
         <uninitialized>true</uninitialized>
         <run_address>0x20000000</run_address>
         <size>0x26c</size>
         <input_file_ref idref="fl-1e"/>
      </object_component>
      <object_component id="oc-1a9">
         <name>.data:sensor_1</name>
         <load_address>0x20005b50</load_address>
         <run_address>0x20005b50</run_address>
         <size>0x8</size>
         <input_file_ref idref="fl-2"/>
      </object_component>
      <object_component id="oc-1ac">
         <name>.data:sensor_2</name>
         <load_address>0x20005b58</load_address>
         <run_address>0x20005b58</run_address>
         <size>0x8</size>
         <input_file_ref idref="fl-2"/>
      </object_component>
      <object_component id="oc-1a3">
         <name>.data</name>
         <load_address>0x20005b74</load_address>
         <run_address>0x20005b74</run_address>
         <size>0x1</size>
         <input_file_ref idref="fl-2"/>
      </object_component>
      <object_component id="oc-91">
         <name>.data</name>
         <load_address>0x20005a84</load_address>
         <run_address>0x20005a84</run_address>
         <size>0x3c</size>
         <input_file_ref idref="fl-9"/>
      </object_component>
      <object_component id="oc-288">
         <name>.data</name>
         <load_address>0x20005b18</load_address>
         <run_address>0x20005b18</run_address>
         <size>0xc</size>
         <input_file_ref idref="fl-a"/>
      </object_component>
      <object_component id="oc-a4">
         <name>.data</name>
         <load_address>0x20005b0c</load_address>
         <run_address>0x20005b0c</run_address>
         <size>0xc</size>
         <input_file_ref idref="fl-b"/>
      </object_component>
      <object_component id="oc-270">
         <name>.data</name>
         <load_address>0x20005af0</load_address>
         <run_address>0x20005af0</run_address>
         <size>0x10</size>
         <input_file_ref idref="fl-d"/>
      </object_component>
      <object_component id="oc-2d4">
         <name>.data</name>
         <load_address>0x20005b45</load_address>
         <run_address>0x20005b45</run_address>
         <size>0x3</size>
         <input_file_ref idref="fl-2f"/>
      </object_component>
      <object_component id="oc-307">
         <name>.data</name>
         <load_address>0x20005b68</load_address>
         <run_address>0x20005b68</run_address>
         <size>0x4</size>
         <input_file_ref idref="fl-31"/>
      </object_component>
      <object_component id="oc-218">
         <name>.data</name>
         <load_address>0x20005b60</load_address>
         <run_address>0x20005b60</run_address>
         <size>0x8</size>
         <input_file_ref idref="fl-39"/>
      </object_component>
      <object_component id="oc-215">
         <name>.data</name>
         <load_address>0x20005b3c</load_address>
         <run_address>0x20005b3c</run_address>
         <size>0x9</size>
         <input_file_ref idref="fl-4c"/>
      </object_component>
      <object_component id="oc-230">
         <name>.data</name>
         <load_address>0x20005b30</load_address>
         <run_address>0x20005b30</run_address>
         <size>0xc</size>
         <input_file_ref idref="fl-4e"/>
      </object_component>
      <object_component id="oc-2bb">
         <name>.data:g_pui32CPUUsageTimerPeriph</name>
         <load_address>0x20005ad8</load_address>
         <run_address>0x20005ad8</run_address>
         <size>0x18</size>
         <input_file_ref idref="fl-52"/>
      </object_component>
      <object_component id="oc-2b5">
         <name>.data:g_pui32CPUUsageTimerBase</name>
         <load_address>0x20005ac0</load_address>
         <run_address>0x20005ac0</run_address>
         <size>0x18</size>
         <input_file_ref idref="fl-52"/>
      </object_component>
      <object_component id="oc-d0">
         <name>.data</name>
         <load_address>0x20005b24</load_address>
         <run_address>0x20005b24</run_address>
         <size>0xc</size>
         <input_file_ref idref="fl-53"/>
      </object_component>
      <object_component id="oc-11e">
         <name>.data:$O1$$</name>
         <load_address>0x20005b00</load_address>
         <run_address>0x20005b00</run_address>
         <size>0xc</size>
         <input_file_ref idref="fl-111"/>
      </object_component>
      <object_component id="oc-8c">
         <name>.data</name>
         <load_address>0x20005b70</load_address>
         <run_address>0x20005b70</run_address>
         <size>0x4</size>
         <input_file_ref idref="fl-118"/>
      </object_component>
      <object_component id="oc-121">
         <name>.data:$O1$$</name>
         <load_address>0x20005b48</load_address>
         <run_address>0x20005b48</run_address>
         <size>0x8</size>
         <input_file_ref idref="fl-11d"/>
      </object_component>
      <object_component id="oc-47d">
         <name>.data</name>
         <load_address>0x20005b6c</load_address>
         <run_address>0x20005b6c</run_address>
         <size>0x4</size>
         <input_file_ref idref="fl-132"/>
      </object_component>
      <object_component id="oc-13f">
         <name>.bss:pxReadyTasksLists</name>
         <uninitialized>true</uninitialized>
         <run_address>0x2000546c</run_address>
         <size>0x140</size>
         <input_file_ref idref="fl-9"/>
      </object_component>
      <object_component id="oc-161">
         <name>.bss:xDelayedTaskList1</name>
         <uninitialized>true</uninitialized>
         <run_address>0x200057d8</run_address>
         <size>0x14</size>
         <input_file_ref idref="fl-9"/>
      </object_component>
      <object_component id="oc-164">
         <name>.bss:xDelayedTaskList2</name>
         <uninitialized>true</uninitialized>
         <run_address>0x200057ec</run_address>
         <size>0x14</size>
         <input_file_ref idref="fl-9"/>
      </object_component>
      <object_component id="oc-145">
         <name>.bss</name>
         <uninitialized>true</uninitialized>
         <run_address>0x20005854</run_address>
         <size>0x8</size>
         <input_file_ref idref="fl-9"/>
      </object_component>
      <object_component id="oc-157">
         <name>.bss:xPendingReadyList</name>
         <uninitialized>true</uninitialized>
         <run_address>0x20005800</run_address>
         <size>0x14</size>
         <input_file_ref idref="fl-9"/>
      </object_component>
      <object_component id="oc-142">
         <name>.bss:xTasksWaitingTermination</name>
         <uninitialized>true</uninitialized>
         <run_address>0x20005828</run_address>
         <size>0x14</size>
         <input_file_ref idref="fl-9"/>
      </object_component>
      <object_component id="oc-148">
         <name>.bss:xSuspendedTaskList</name>
         <uninitialized>true</uninitialized>
         <run_address>0x20005814</run_address>
         <size>0x14</size>
         <input_file_ref idref="fl-9"/>
      </object_component>
      <object_component id="oc-28e">
         <name>.bss:xActiveTimerList1</name>
         <uninitialized>true</uninitialized>
         <run_address>0x200057b0</run_address>
         <size>0x14</size>
         <input_file_ref idref="fl-a"/>
      </object_component>
      <object_component id="oc-291">
         <name>.bss:xActiveTimerList2</name>
         <uninitialized>true</uninitialized>
         <run_address>0x200057c4</run_address>
         <size>0x14</size>
         <input_file_ref idref="fl-a"/>
      </object_component>
      <object_component id="oc-28b">
         <name>.bss</name>
         <uninitialized>true</uninitialized>
         <run_address>0x2000585c</run_address>
         <size>0x8</size>
         <input_file_ref idref="fl-a"/>
      </object_component>
      <object_component id="oc-279">
         <name>.bss:ucHeap</name>
         <uninitialized>true</uninitialized>
         <run_address>0x2000026c</run_address>
         <size>0x5000</size>
         <input_file_ref idref="fl-d"/>
      </object_component>
      <object_component id="oc-276">
         <name>.bss:xStart</name>
         <uninitialized>true</uninitialized>
         <run_address>0x20005864</run_address>
         <size>0x8</size>
         <input_file_ref idref="fl-d"/>
      </object_component>
      <object_component id="oc-304">
         <name>.bss:g_ui32Colors</name>
         <uninitialized>true</uninitialized>
         <run_address>0x20005848</run_address>
         <size>0xc</size>
         <input_file_ref idref="fl-31"/>
      </object_component>
      <object_component id="oc-303">
         <name>.bss</name>
         <uninitialized>true</uninitialized>
         <run_address>0x2000586c</run_address>
         <size>0x4</size>
         <input_file_ref idref="fl-31"/>
      </object_component>
      <object_component id="oc-21e">
         <name>.bss:g_pui8DataBufferIn</name>
         <uninitialized>true</uninitialized>
         <run_address>0x2000570c</run_address>
         <size>0x40</size>
         <input_file_ref idref="fl-39"/>
      </object_component>
      <object_component id="oc-21b">
         <name>.bss</name>
         <uninitialized>true</uninitialized>
         <run_address>0x20005870</run_address>
         <size>0x4</size>
         <input_file_ref idref="fl-39"/>
      </object_component>
      <object_component id="oc-325">
         <name>.bss:g_psUSBDMAInst</name>
         <uninitialized>true</uninitialized>
         <run_address>0x200055ac</run_address>
         <size>0x110</size>
         <input_file_ref idref="fl-4a"/>
      </object_component>
      <object_component id="oc-2b8">
         <name>.bss</name>
         <uninitialized>true</uninitialized>
         <run_address>0x2000583c</run_address>
         <size>0xc</size>
         <input_file_ref idref="fl-52"/>
      </object_component>
      <object_component id="oc-c4">
         <name>.bss</name>
         <uninitialized>true</uninitialized>
         <run_address>0x2000579c</run_address>
         <size>0x14</size>
         <input_file_ref idref="fl-53"/>
      </object_component>
      <object_component id="oc-d6">
         <name>.bss:g_pcUARTRxHistoryBuffer</name>
         <uninitialized>true</uninitialized>
         <run_address>0x2000526c</run_address>
         <size>0x200</size>
         <input_file_ref idref="fl-53"/>
      </object_component>
      <object_component id="oc-d3">
         <name>.bss:g_usUARTRxHistoryOffset</name>
         <uninitialized>true</uninitialized>
         <run_address>0x2000574c</run_address>
         <size>0x20</size>
         <input_file_ref idref="fl-53"/>
      </object_component>
      <object_component id="oc-1a4">
         <name>.common:g_ui32CPUUsage</name>
         <uninitialized>true</uninitialized>
         <run_address>0x20005878</run_address>
         <size>0x4</size>
      </object_component>
      <object_component id="oc-1a7">
         <name>.common:g_ulSystemClock</name>
         <uninitialized>true</uninitialized>
         <run_address>0x2000587c</run_address>
         <size>0x4</size>
      </object_component>
      <object_component id="oc-1a8">
         <name>.common:xQueue</name>
         <uninitialized>true</uninitialized>
         <run_address>0x20005880</run_address>
         <size>0x4</size>
      </object_component>
      <object_component id="oc-211">
         <name>.common:g_psDCDInst</name>
         <uninitialized>true</uninitialized>
         <run_address>0x200056bc</run_address>
         <size>0x50</size>
      </object_component>
      <object_component id="oc-214">
         <name>.common:g_ppsDevInfo</name>
         <uninitialized>true</uninitialized>
         <run_address>0x20005874</run_address>
         <size>0x4</size>
      </object_component>
      <object_component id="oc-32a">
         <name>.common:g_pfnTickHandlers</name>
         <uninitialized>true</uninitialized>
         <run_address>0x2000576c</run_address>
         <size>0x18</size>
      </object_component>
      <object_component id="oc-32d">
         <name>.common:g_pvTickInstance</name>
         <uninitialized>true</uninitialized>
         <run_address>0x20005784</run_address>
         <size>0x18</size>
      </object_component>
      <object_component id="oc-2a">
         <name>.stack</name>
         <uninitialized>true</uninitialized>
         <run_address>0x20005884</run_address>
         <size>0x0</size>
         <input_file_ref idref="fl-10d"/>
      </object_component>
      <object_component id="oc-50e">
         <name>.stack</name>
         <uninitialized>true</uninitialized>
         <run_address>0x20005884</run_address>
         <size>0x0</size>
      </object_component>
      <object_component id="oc-1a5">
         <name>.debug_info</name>
         <load_address>0x0</load_address>
         <run_address>0x0</run_address>
         <size>0x793</size>
         <input_file_ref idref="fl-2"/>
      </object_component>
      <object_component id="oc-1aa">
         <name>.debug_info</name>
         <load_address>0x793</load_address>
         <run_address>0x793</run_address>
         <size>0xd9</size>
         <input_file_ref idref="fl-2"/>
      </object_component>
      <object_component id="oc-1ad">
         <name>.debug_info</name>
         <load_address>0x86c</load_address>
         <run_address>0x86c</run_address>
         <size>0xd9</size>
         <input_file_ref idref="fl-2"/>
      </object_component>
      <object_component id="oc-a0">
         <name>.debug_info</name>
         <load_address>0x945</load_address>
         <run_address>0x945</run_address>
         <size>0x81f</size>
         <input_file_ref idref="fl-2"/>
      </object_component>
      <object_component id="oc-12c">
         <name>.debug_info</name>
         <load_address>0x1164</load_address>
         <run_address>0x1164</run_address>
         <size>0x30c</size>
         <input_file_ref idref="fl-2"/>
      </object_component>
      <object_component id="oc-1b0">
         <name>.debug_info</name>
         <load_address>0x1470</load_address>
         <run_address>0x1470</run_address>
         <size>0x5e</size>
         <input_file_ref idref="fl-2"/>
      </object_component>
      <object_component id="oc-1c3">
         <name>.debug_info</name>
         <load_address>0x14ce</load_address>
         <run_address>0x14ce</run_address>
         <size>0x461</size>
         <input_file_ref idref="fl-2"/>
      </object_component>
      <object_component id="oc-e2">
         <name>.debug_info</name>
         <load_address>0x192f</load_address>
         <run_address>0x192f</run_address>
         <size>0x8b</size>
         <input_file_ref idref="fl-2"/>
      </object_component>
      <object_component id="oc-1c9">
         <name>.debug_info</name>
         <load_address>0x19ba</load_address>
         <run_address>0x19ba</run_address>
         <size>0x46</size>
         <input_file_ref idref="fl-2"/>
      </object_component>
      <object_component id="oc-1dc">
         <name>.debug_info</name>
         <load_address>0x1a00</load_address>
         <run_address>0x1a00</run_address>
         <size>0x2c</size>
         <input_file_ref idref="fl-2"/>
      </object_component>
      <object_component id="oc-a9">
         <name>.debug_info</name>
         <load_address>0x1a2c</load_address>
         <run_address>0x1a2c</run_address>
         <size>0x2c</size>
         <input_file_ref idref="fl-2"/>
      </object_component>
      <object_component id="oc-b3">
         <name>.debug_info</name>
         <load_address>0x1a58</load_address>
         <run_address>0x1a58</run_address>
         <size>0x18b</size>
         <input_file_ref idref="fl-2"/>
      </object_component>
      <object_component id="oc-1b9">
         <name>.debug_info</name>
         <load_address>0x1be3</load_address>
         <run_address>0x1be3</run_address>
         <size>0x46</size>
         <input_file_ref idref="fl-2"/>
      </object_component>
      <object_component id="oc-ae">
         <name>.debug_info</name>
         <load_address>0x1c29</load_address>
         <run_address>0x1c29</run_address>
         <size>0x53</size>
         <input_file_ref idref="fl-2"/>
      </object_component>
      <object_component id="oc-e8">
         <name>.debug_info</name>
         <load_address>0x1c7c</load_address>
         <run_address>0x1c7c</run_address>
         <size>0x4e</size>
         <input_file_ref idref="fl-2"/>
      </object_component>
      <object_component id="oc-1be">
         <name>.debug_info</name>
         <load_address>0x1cca</load_address>
         <run_address>0x1cca</run_address>
         <size>0x14c</size>
         <input_file_ref idref="fl-2"/>
      </object_component>
      <object_component id="oc-4a">
         <name>.debug_info</name>
         <load_address>0x1e16</load_address>
         <run_address>0x1e16</run_address>
         <size>0x395</size>
         <input_file_ref idref="fl-3"/>
      </object_component>
      <object_component id="oc-10">
         <name>.debug_info</name>
         <load_address>0x21ab</load_address>
         <run_address>0x21ab</run_address>
         <size>0xe8</size>
         <input_file_ref idref="fl-3"/>
      </object_component>
      <object_component id="oc-2c">
         <name>.debug_info</name>
         <load_address>0x2293</load_address>
         <run_address>0x2293</run_address>
         <size>0x208</size>
         <input_file_ref idref="fl-3"/>
      </object_component>
      <object_component id="oc-51">
         <name>.debug_info</name>
         <load_address>0x249b</load_address>
         <run_address>0x249b</run_address>
         <size>0x84</size>
         <input_file_ref idref="fl-3"/>
      </object_component>
      <object_component id="oc-2b4">
         <name>.debug_info</name>
         <load_address>0x251f</load_address>
         <run_address>0x251f</run_address>
         <size>0x71b</size>
         <input_file_ref idref="fl-5"/>
      </object_component>
      <object_component id="oc-17a">
         <name>.debug_info</name>
         <load_address>0x2c3a</load_address>
         <run_address>0x2c3a</run_address>
         <size>0x110</size>
         <input_file_ref idref="fl-5"/>
      </object_component>
      <object_component id="oc-26b">
         <name>.debug_info</name>
         <load_address>0x2d4a</load_address>
         <run_address>0x2d4a</run_address>
         <size>0x461</size>
         <input_file_ref idref="fl-5"/>
      </object_component>
      <object_component id="oc-3ee">
         <name>.debug_info</name>
         <load_address>0x31ab</load_address>
         <run_address>0x31ab</run_address>
         <size>0x39</size>
         <input_file_ref idref="fl-5"/>
      </object_component>
      <object_component id="oc-261">
         <name>.debug_info</name>
         <load_address>0x31e4</load_address>
         <run_address>0x31e4</run_address>
         <size>0x46</size>
         <input_file_ref idref="fl-5"/>
      </object_component>
      <object_component id="oc-3f3">
         <name>.debug_info</name>
         <load_address>0x322a</load_address>
         <run_address>0x322a</run_address>
         <size>0x76</size>
         <input_file_ref idref="fl-5"/>
      </object_component>
      <object_component id="oc-27f">
         <name>.debug_info</name>
         <load_address>0x32a0</load_address>
         <run_address>0x32a0</run_address>
         <size>0x360</size>
         <input_file_ref idref="fl-6"/>
      </object_component>
      <object_component id="oc-13a">
         <name>.debug_info</name>
         <load_address>0x3600</load_address>
         <run_address>0x3600</run_address>
         <size>0x4fe</size>
         <input_file_ref idref="fl-6"/>
      </object_component>
      <object_component id="oc-1ce">
         <name>.debug_info</name>
         <load_address>0x3afe</load_address>
         <run_address>0x3afe</run_address>
         <size>0x91c</size>
         <input_file_ref idref="fl-7"/>
      </object_component>
      <object_component id="oc-b9">
         <name>.debug_info</name>
         <load_address>0x441a</load_address>
         <run_address>0x441a</run_address>
         <size>0x342b</size>
         <input_file_ref idref="fl-7"/>
      </object_component>
      <object_component id="oc-314">
         <name>.debug_info</name>
         <load_address>0x7845</load_address>
         <run_address>0x7845</run_address>
         <size>0x17d</size>
         <input_file_ref idref="fl-7"/>
      </object_component>
      <object_component id="oc-105">
         <name>.debug_info</name>
         <load_address>0x79c2</load_address>
         <run_address>0x79c2</run_address>
         <size>0x2c</size>
         <input_file_ref idref="fl-8"/>
      </object_component>
      <object_component id="oc-12b">
         <name>.debug_info</name>
         <load_address>0x79ee</load_address>
         <run_address>0x79ee</run_address>
         <size>0xa05</size>
         <input_file_ref idref="fl-9"/>
      </object_component>
      <object_component id="oc-92">
         <name>.debug_info</name>
         <load_address>0x83f3</load_address>
         <run_address>0x83f3</run_address>
         <size>0x3bb</size>
         <input_file_ref idref="fl-9"/>
      </object_component>
      <object_component id="oc-140">
         <name>.debug_info</name>
         <load_address>0x87ae</load_address>
         <run_address>0x87ae</run_address>
         <size>0xfc</size>
         <input_file_ref idref="fl-9"/>
      </object_component>
      <object_component id="oc-162">
         <name>.debug_info</name>
         <load_address>0x88aa</load_address>
         <run_address>0x88aa</run_address>
         <size>0xfc</size>
         <input_file_ref idref="fl-9"/>
      </object_component>
      <object_component id="oc-165">
         <name>.debug_info</name>
         <load_address>0x89a6</load_address>
         <run_address>0x89a6</run_address>
         <size>0xfc</size>
         <input_file_ref idref="fl-9"/>
      </object_component>
      <object_component id="oc-146">
         <name>.debug_info</name>
         <load_address>0x8aa2</load_address>
         <run_address>0x8aa2</run_address>
         <size>0x13f</size>
         <input_file_ref idref="fl-9"/>
      </object_component>
      <object_component id="oc-158">
         <name>.debug_info</name>
         <load_address>0x8be1</load_address>
         <run_address>0x8be1</run_address>
         <size>0xfc</size>
         <input_file_ref idref="fl-9"/>
      </object_component>
      <object_component id="oc-143">
         <name>.debug_info</name>
         <load_address>0x8cdd</load_address>
         <run_address>0x8cdd</run_address>
         <size>0x10a</size>
         <input_file_ref idref="fl-9"/>
      </object_component>
      <object_component id="oc-149">
         <name>.debug_info</name>
         <load_address>0x8de7</load_address>
         <run_address>0x8de7</run_address>
         <size>0xfe</size>
         <input_file_ref idref="fl-9"/>
      </object_component>
      <object_component id="oc-98">
         <name>.debug_info</name>
         <load_address>0x8ee5</load_address>
         <run_address>0x8ee5</run_address>
         <size>0x5618</size>
         <input_file_ref idref="fl-9"/>
      </object_component>
      <object_component id="oc-266">
         <name>.debug_info</name>
         <load_address>0xe4fd</load_address>
         <run_address>0xe4fd</run_address>
         <size>0x15b</size>
         <input_file_ref idref="fl-9"/>
      </object_component>
      <object_component id="oc-295">
         <name>.debug_info</name>
         <load_address>0xe658</load_address>
         <run_address>0xe658</run_address>
         <size>0x82e</size>
         <input_file_ref idref="fl-a"/>
      </object_component>
      <object_component id="oc-28f">
         <name>.debug_info</name>
         <load_address>0xee86</load_address>
         <run_address>0xee86</run_address>
         <size>0xfc</size>
         <input_file_ref idref="fl-a"/>
      </object_component>
      <object_component id="oc-292">
         <name>.debug_info</name>
         <load_address>0xef82</load_address>
         <run_address>0xef82</run_address>
         <size>0xfc</size>
         <input_file_ref idref="fl-a"/>
      </object_component>
      <object_component id="oc-28c">
         <name>.debug_info</name>
         <load_address>0xf07e</load_address>
         <run_address>0xf07e</run_address>
         <size>0x134</size>
         <input_file_ref idref="fl-a"/>
      </object_component>
      <object_component id="oc-289">
         <name>.debug_info</name>
         <load_address>0xf1b2</load_address>
         <run_address>0xf1b2</run_address>
         <size>0x120</size>
         <input_file_ref idref="fl-a"/>
      </object_component>
      <object_component id="oc-14e">
         <name>.debug_info</name>
         <load_address>0xf2d2</load_address>
         <run_address>0xf2d2</run_address>
         <size>0x22eb</size>
         <input_file_ref idref="fl-a"/>
      </object_component>
      <object_component id="oc-296">
         <name>.debug_info</name>
         <load_address>0x115bd</load_address>
         <run_address>0x115bd</run_address>
         <size>0x1e2</size>
         <input_file_ref idref="fl-a"/>
      </object_component>
      <object_component id="oc-a8">
         <name>.debug_info</name>
         <load_address>0x1179f</load_address>
         <run_address>0x1179f</run_address>
         <size>0x4b6</size>
         <input_file_ref idref="fl-b"/>
      </object_component>
      <object_component id="oc-95">
         <name>.debug_info</name>
         <load_address>0x11c55</load_address>
         <run_address>0x11c55</run_address>
         <size>0x171</size>
         <input_file_ref idref="fl-b"/>
      </object_component>
      <object_component id="oc-a5">
         <name>.debug_info</name>
         <load_address>0x11dc6</load_address>
         <run_address>0x11dc6</run_address>
         <size>0x17c</size>
         <input_file_ref idref="fl-b"/>
      </object_component>
      <object_component id="oc-3a">
         <name>.debug_info</name>
         <load_address>0x11f42</load_address>
         <run_address>0x11f42</run_address>
         <size>0x984</size>
         <input_file_ref idref="fl-b"/>
      </object_component>
      <object_component id="oc-32">
         <name>.debug_info</name>
         <load_address>0x128c6</load_address>
         <run_address>0x128c6</run_address>
         <size>0x261</size>
         <input_file_ref idref="fl-c"/>
      </object_component>
      <object_component id="oc-27d">
         <name>.debug_info</name>
         <load_address>0x12b27</load_address>
         <run_address>0x12b27</run_address>
         <size>0x478</size>
         <input_file_ref idref="fl-d"/>
      </object_component>
      <object_component id="oc-27a">
         <name>.debug_info</name>
         <load_address>0x12f9f</load_address>
         <run_address>0x12f9f</run_address>
         <size>0xf7</size>
         <input_file_ref idref="fl-d"/>
      </object_component>
      <object_component id="oc-274">
         <name>.debug_info</name>
         <load_address>0x13096</load_address>
         <run_address>0x13096</run_address>
         <size>0x109</size>
         <input_file_ref idref="fl-d"/>
      </object_component>
      <object_component id="oc-277">
         <name>.debug_info</name>
         <load_address>0x1319f</load_address>
         <run_address>0x1319f</run_address>
         <size>0xf7</size>
         <input_file_ref idref="fl-d"/>
      </object_component>
      <object_component id="oc-271">
         <name>.debug_info</name>
         <load_address>0x13296</load_address>
         <run_address>0x13296</run_address>
         <size>0x1ab</size>
         <input_file_ref idref="fl-d"/>
      </object_component>
      <object_component id="oc-134">
         <name>.debug_info</name>
         <load_address>0x13441</load_address>
         <run_address>0x13441</run_address>
         <size>0x87f</size>
         <input_file_ref idref="fl-d"/>
      </object_component>
      <object_component id="oc-369">
         <name>.debug_info</name>
         <load_address>0x13cc0</load_address>
         <run_address>0x13cc0</run_address>
         <size>0x62</size>
         <input_file_ref idref="fl-d"/>
      </object_component>
      <object_component id="oc-2c5">
         <name>.debug_info</name>
         <load_address>0x13d22</load_address>
         <run_address>0x13d22</run_address>
         <size>0x342</size>
         <input_file_ref idref="fl-12"/>
      </object_component>
      <object_component id="oc-2fd">
         <name>.debug_info</name>
         <load_address>0x14064</load_address>
         <run_address>0x14064</run_address>
         <size>0x388</size>
         <input_file_ref idref="fl-1b"/>
      </object_component>
      <object_component id="oc-2f1">
         <name>.debug_info</name>
         <load_address>0x143ec</load_address>
         <run_address>0x143ec</run_address>
[...]
      </symbol>
      <symbol id="sm-fdb">
         <name>USBDeviceConfig</name>
         <value>0xe637</value>
         <object_component_ref idref="oc-22a"/>
      </symbol>
      <symbol id="sm-115c">
         <name>g_psDCDInst</name>
         <value>0x200056bc</value>
      </symbol>
      <symbol id="sm-115d">
         <name>g_ppsDevInfo</name>
         <value>0x20005874</value>
      </symbol>
      <symbol id="sm-115e">
         <name>USBDCDSendDataEP0</name>
         <value>0x5ee9</value>
         <object_component_ref idref="oc-ed"/>
      </symbol>
      <symbol id="sm-115f">
         <name>USBDCDTerm</name>
         <value>0x5de7</value>
         <object_component_ref idref="oc-ed"/>
      </symbol>
      <symbol id="sm-1160">
         <name>USBDCDFeatureSet</name>
         <value>0x5fe1</value>
         <object_component_ref idref="oc-ed"/>
      </symbol>
      <symbol id="sm-1161">
         <name>USBDCDRemoteWakeLPM</name>
         <value>0x60cd</value>
         <object_component_ref idref="oc-ed"/>
      </symbol>
      <symbol id="sm-1162">
         <name>USBDCDStallEP0</name>
         <value>0x5f41</value>
         <object_component_ref idref="oc-ed"/>
      </symbol>
      <symbol id="sm-1163">
         <name>USBDCDRequestDataEP0</name>
         <value>0x5e7d</value>
         <object_component_ref idref="oc-ed"/>
      </symbol>
      <symbol id="sm-1164">
         <name>USBDeviceEnumHandler</name>
         <value>0x622d</value>
         <object_component_ref idref="oc-ed"/>
      </symbol>
      <symbol id="sm-1165">
         <name>USBDCDInit</name>
         <value>0x5be9</value>
         <object_component_ref idref="oc-ed"/>
      </symbol>
      <symbol id="sm-1166">
         <name>USBDeviceEnumResetHandler</name>
         <value>0x638d</value>
         <object_component_ref idref="oc-ed"/>
      </symbol>
      <symbol id="sm-1167">
         <name>USBDCDFeatureGet</name>
         <value>0x6093</value>
         <object_component_ref idref="oc-ed"/>
      </symbol>
      <symbol id="sm-1168">
         <name>USBDCDPowerStatusSet</name>
         <value>0x5f81</value>
         <object_component_ref idref="oc-ed"/>
      </symbol>
      <symbol id="sm-1169">
         <name>USBDCDDeviceInfoInit</name>
         <value>0x5b85</value>
         <object_component_ref idref="oc-ed"/>
      </symbol>
      <symbol id="sm-116a">
         <name>USBDeviceIntHandlerInternal</name>
         <value>0x6f05</value>
         <object_component_ref idref="oc-ed"/>
      </symbol>
      <symbol id="sm-116b">
         <name>USBDCDRemoteWakeupRequest</name>
         <value>0x60e7</value>
         <object_component_ref idref="oc-ed"/>
      </symbol>
      <symbol id="sm-116c">
         <name>USBDCDSetDefaultConfiguration</name>
         <value>0x5f25</value>
         <object_component_ref idref="oc-ed"/>
      </symbol>
      <symbol id="sm-116d">
         <name>USBDeviceResumeTickHandler</name>
         <value>0x612d</value>
         <object_component_ref idref="oc-ed"/>
      </symbol>
      <symbol id="sm-117a">
         <name>USB0DeviceIntHandler</name>
         <value>0x10aa1</value>
         <object_component_ref idref="oc-42"/>
      </symbol>
      <symbol id="sm-11f1">
         <name>USBDescGetInterfaceEndpoint</name>
         <value>0xf847</value>
         <object_component_ref idref="oc-347"/>
      </symbol>
      <symbol id="sm-11f2">
         <name>USBDescGetInterface</name>
         <value>0xf819</value>
         <object_component_ref idref="oc-347"/>
      </symbol>
      <symbol id="sm-11f3">
         <name>USBDescGet</name>
         <value>0xf6f5</value>
         <object_component_ref idref="oc-347"/>
      </symbol>
      <symbol id="sm-11f4">
         <name>USBDescGetNum</name>
         <value>0xf699</value>
         <object_component_ref idref="oc-347"/>
      </symbol>
      <symbol id="sm-11f5">
         <name>USBDescGetNumAlternateInterfaces</name>
         <value>0xf75f</value>
         <object_component_ref idref="oc-347"/>
      </symbol>
      <symbol id="sm-12dc">
         <name>USBLibDMASizeGet</name>
         <value>0xa1d1</value>
         <object_component_ref idref="oc-205"/>
      </symbol>
      <symbol id="sm-12dd">
         <name>USBLibDMAAddrGet</name>
         <value>0xa1b9</value>
         <object_component_ref idref="oc-205"/>
      </symbol>
      <symbol id="sm-12de">
         <name>USBLibDMAInit</name>
         <value>0xa1e9</value>
         <object_component_ref idref="oc-205"/>
      </symbol>
      <symbol id="sm-12f3">
         <name>g_iUSBMode</name>
         <value>0x20005b3c</value>
         <object_component_ref idref="oc-215"/>
      </symbol>
      <symbol id="sm-12f4">
         <name>g_ui32WaitTicks</name>
         <value>0x20005b40</value>
         <object_component_ref idref="oc-215"/>
      </symbol>
      <symbol id="sm-131e">
         <name>g_pfnTickHandlers</name>
         <value>0x2000576c</value>
      </symbol>
      <symbol id="sm-131f">
         <name>g_pvTickInstance</name>
         <value>0x20005784</value>
      </symbol>
      <symbol id="sm-1320">
         <name>g_ui32USBSOFCount</name>
         <value>0x20005b38</value>
         <object_component_ref idref="oc-230"/>
      </symbol>
      <symbol id="sm-1321">
         <name>InternalUSBTickReset</name>
         <value>0x10103</value>
         <object_component_ref idref="oc-20b"/>
      </symbol>
      <symbol id="sm-1322">
         <name>g_bUSBTimerInitialized</name>
         <value>0x20005b30</value>
         <object_component_ref idref="oc-230"/>
      </symbol>
      <symbol id="sm-1323">
         <name>g_ui32CurrentUSBTick</name>
         <value>0x20005b34</value>
         <object_component_ref idref="oc-230"/>
      </symbol>
      <symbol id="sm-1324">
         <name>InternalUSBStartOfFrameTick</name>
         <value>0x1015b</value>
         <object_component_ref idref="oc-20b"/>
      </symbol>
      <symbol id="sm-1325">
         <name>InternalUSBRegisterTickHandler</name>
         <value>0x1010b</value>
         <object_component_ref idref="oc-20b"/>
      </symbol>
      <symbol id="sm-1326">
         <name>InternalUSBTickInit</name>
         <value>0x100c5</value>
         <object_component_ref idref="oc-20b"/>
      </symbol>
      <symbol id="sm-1333">
         <name>ULPIPowerTransceiver</name>
         <value>0x1032d</value>
         <object_component_ref idref="oc-1ff"/>
      </symbol>
      <symbol id="sm-1334">
         <name>ULPIConfigSet</name>
         <value>0x1028b</value>
         <object_component_ref idref="oc-1ff"/>
      </symbol>
      <symbol id="sm-134e">
         <name>GetOverflowCounts</name>
         <value>0x10a7d</value>
         <object_component_ref idref="oc-15a"/>
      </symbol>
      <symbol id="sm-134f">
         <name>vConfigureTimerForRunTimeStats</name>
         <value>0x105e5</value>
         <object_component_ref idref="oc-151"/>
      </symbol>
      <symbol id="sm-1380">
         <name>CPUUsageInit</name>
         <value>0xfde7</value>
         <object_component_ref idref="oc-17f"/>
      </symbol>
      <symbol id="sm-1381">
         <name>CPUUsageTick</name>
         <value>0xfda9</value>
         <object_component_ref idref="oc-17f"/>
      </symbol>
      <symbol id="sm-1489">
         <name>UARTTxBytesFree</name>
         <value>0xc9a7</value>
         <object_component_ref idref="oc-3c"/>
      </symbol>
      <symbol id="sm-148a">
         <name>UARTFlushRx</name>
         <value>0xc9b3</value>
         <object_component_ref idref="oc-3c"/>
      </symbol>
      <symbol id="sm-148b">
         <name>UARTgetc</name>
         <value>0xc63d</value>
         <object_component_ref idref="oc-3c"/>
      </symbol>
      <symbol id="sm-148c">
         <name>UARTgets</name>
         <value>0xc1dd</value>
         <object_component_ref idref="oc-3c"/>
      </symbol>
      <symbol id="sm-148d">
         <name>UARTFlushTx</name>
         <value>0xc9c1</value>
         <object_component_ref idref="oc-3c"/>
      </symbol>
      <symbol id="sm-148e">
         <name>UARTStdioConfig</name>
         <value>0xbfe7</value>
         <object_component_ref idref="oc-3c"/>
      </symbol>
      <symbol id="sm-148f">
         <name>UARTStdioIntHandler</name>
         <value>0xca0f</value>
         <object_component_ref idref="oc-3c"/>
      </symbol>
      <symbol id="sm-1490">
         <name>UARTRxBytesAvail</name>
         <value>0xc99b</value>
         <object_component_ref idref="oc-3c"/>
      </symbol>
      <symbol id="sm-1491">
         <name>UARTwrite</name>
         <value>0xc113</value>
         <object_component_ref idref="oc-3c"/>
      </symbol>
      <symbol id="sm-1492">
         <name>UARTEchoSet</name>
         <value>0xc9e7</value>
         <object_component_ref idref="oc-3c"/>
      </symbol>
      <symbol id="sm-1493">
         <name>UARTprintf</name>
         <value>0xc977</value>
         <object_component_ref idref="oc-3c"/>
      </symbol>
      <symbol id="sm-1494">
         <name>UARTvprintf</name>
         <value>0xc665</value>
         <object_component_ref idref="oc-3c"/>
      </symbol>
      <symbol id="sm-14a5">
         <name>_c_int00</name>
         <value>0x10779</value>
         <object_component_ref idref="oc-24"/>
      </symbol>
      <symbol id="sm-14a6">
         <name>__stack</name>
         <value>0x20005884</value>
         <object_component_ref idref="oc-2a"/>
      </symbol>
      <symbol id="sm-14c4">
         <name>__TI_decompress_lzss</name>
         <value>0x1064d</value>
         <object_component_ref idref="oc-12"/>
      </symbol>
      <symbol id="sm-14db">
         <name>__TI_decompress_none</name>
         <value>0x10b61</value>
         <object_component_ref idref="oc-18"/>
      </symbol>
      <symbol id="sm-14ed">
         <name>__TI_zero_init</name>
         <value>0x10b6f</value>
         <object_component_ref idref="oc-1e"/>
      </symbol>
      <symbol id="sm-150e">
         <name>C$$EXIT</name>
         <value>0x107cd</value>
         <object_component_ref idref="oc-86"/>
      </symbol>
      <symbol id="sm-150f">
         <name>abort</name>
         <value>0x107d1</value>
         <object_component_ref idref="oc-86"/>
      </symbol>
      <symbol id="sm-1510">
         <name>exit</name>
         <value>0x107d9</value>
         <object_component_ref idref="oc-86"/>
      </symbol>
      <symbol id="sm-1511">
         <name>__TI_dtors_ptr</name>
         <value>0x20005b04</value>
         <object_component_ref idref="oc-11e"/>
      </symbol>
      <symbol id="sm-1512">
         <name>__TI_cleanup_ptr</name>
         <value>0x20005b00</value>
         <object_component_ref idref="oc-11e"/>
      </symbol>
      <symbol id="sm-1513">
         <name>__TI_enable_exit_profile_output</name>
         <value>0x20005b08</value>
         <object_component_ref idref="oc-11e"/>
      </symbol>
      <symbol id="sm-151d">
         <name>__aeabi_f2ulz</name>
         <value>0x10875</value>
         <object_component_ref idref="oc-2fe"/>
      </symbol>
      <symbol id="sm-1538">
         <name>memcpy</name>
         <value>0x10353</value>
         <object_component_ref idref="oc-56"/>
      </symbol>
      <symbol id="sm-1539">
         <name>__aeabi_memcpy</name>
         <value>0x10353</value>
         <object_component_ref idref="oc-56"/>
      </symbol>
      <symbol id="sm-153a">
         <name>__aeabi_memcpy8</name>
         <value>0x10353</value>
         <object_component_ref idref="oc-56"/>
      </symbol>
      <symbol id="sm-153b">
         <name>__aeabi_memcpy4</name>
         <value>0x10353</value>
         <object_component_ref idref="oc-56"/>
      </symbol>
      <symbol id="sm-154a">
         <name>__aeabi_memset</name>
         <value>0x104fd</value>
         <object_component_ref idref="oc-62"/>
      </symbol>
      <symbol id="sm-154b">
         <name>memset</name>
         <value>0x10503</value>
         <object_component_ref idref="oc-62"/>
      </symbol>
      <symbol id="sm-154c">
         <name>__aeabi_memset8</name>
         <value>0x104fd</value>
         <object_component_ref idref="oc-62"/>
      </symbol>
      <symbol id="sm-154d">
         <name>__aeabi_memset4</name>
         <value>0x104fd</value>
         <object_component_ref idref="oc-62"/>
      </symbol>
      <symbol id="sm-154e">
         <name>__aeabi_memclr8</name>
         <value>0x104fb</value>
         <object_component_ref idref="oc-62"/>
      </symbol>
      <symbol id="sm-154f">
         <name>__aeabi_memclr4</name>
         <value>0x104fb</value>
         <object_component_ref idref="oc-62"/>
      </symbol>
      <symbol id="sm-1550">
         <name>__aeabi_memclr</name>
         <value>0x104fb</value>
         <object_component_ref idref="oc-62"/>
      </symbol>
      <symbol id="sm-155a">
         <name>__mpu_init</name>
         <value>0xef9f</value>
         <object_component_ref idref="oc-6e"/>
      </symbol>
      <symbol id="sm-1564">
         <name>_system_pre_init</name>
         <value>0x10b81</value>
         <object_component_ref idref="oc-74"/>
      </symbol>
      <symbol id="sm-157d">
         <name>sprintf</name>
         <value>0x10719</value>
         <object_component_ref idref="oc-173"/>
      </symbol>
      <symbol id="sm-1585">
         <name>main_func_sp</name>
         <value>0x20005b70</value>
         <object_component_ref idref="oc-8c"/>
      </symbol>
      <symbol id="sm-1594">
         <name>strcpy</name>
         <value>0x10b39</value>
         <object_component_ref idref="oc-167"/>
      </symbol>
      <symbol id="sm-15a2">
         <name>strlen</name>
         <value>0x10b4d</value>
         <object_component_ref idref="oc-16d"/>
      </symbol>
      <symbol id="sm-15b1">
         <name>__aeabi_uidivmod</name>
         <value>0x109a5</value>
         <object_component_ref idref="oc-d9"/>
      </symbol>
      <symbol id="sm-15b2">
         <name>__aeabi_uidiv</name>
         <value>0x109a5</value>
         <object_component_ref idref="oc-d9"/>
      </symbol>
      <symbol id="sm-15cb">
         <name>_nop</name>
         <value>0x10b1f</value>
         <object_component_ref idref="oc-253"/>
      </symbol>
      <symbol id="sm-15cc">
         <name>_lock</name>
         <value>0x20005b48</value>
         <object_component_ref idref="oc-121"/>
      </symbol>
      <symbol id="sm-15cd">
         <name>_unlock</name>
         <value>0x20005b4c</value>
         <object_component_ref idref="oc-121"/>
      </symbol>
      <symbol id="sm-15ce">
         <name>_register_lock</name>
         <value>0x10b17</value>
         <object_component_ref idref="oc-253"/>
      </symbol>
      <symbol id="sm-15cf">
         <name>_register_unlock</name>
         <value>0x10b11</value>
         <object_component_ref idref="oc-253"/>
      </symbol>
      <symbol id="sm-16d0">
         <name>__TI_printfi</name>
         <value>0x8b2d</value>
         <object_component_ref idref="oc-2ac"/>
      </symbol>
      <symbol id="sm-16e4">
         <name>_args_main</name>
         <value>0x10ae1</value>
         <object_component_ref idref="oc-80"/>
      </symbol>
      <symbol id="sm-16fa">
         <name>atoi</name>
         <value>0x108c5</value>
         <object_component_ref idref="oc-3cd"/>
      </symbol>
      <symbol id="sm-1724">
         <name>__TI_auto_init</name>
         <value>0x10575</value>
         <object_component_ref idref="oc-7a"/>
      </symbol>
      <symbol id="sm-173e">
         <name>copy_in</name>
         <value>0x10911</value>
         <object_component_ref idref="oc-10e"/>
      </symbol>
      <symbol id="sm-1749">
         <name>_ctypes_</name>
         <value>0x10d34</value>
         <object_component_ref idref="oc-484"/>
      </symbol>
      <symbol id="sm-1760">
         <name>__aeabi_dsub</name>
         <value>0xf86b</value>
         <object_component_ref idref="oc-3b6"/>
      </symbol>
      <symbol id="sm-1761">
         <name>__aeabi_dadd</name>
         <value>0xf875</value>
         <object_component_ref idref="oc-3b6"/>
      </symbol>
      <symbol id="sm-1783">
         <name>__aeabi_cdcmpeq</name>
         <value>0x103ef</value>
         <object_component_ref idref="oc-392"/>
      </symbol>
      <symbol id="sm-1784">
         <name>__aeabi_cdcmple</name>
         <value>0x103ef</value>
         <object_component_ref idref="oc-392"/>
      </symbol>
      <symbol id="sm-1785">
         <name>__aeabi_cdrcmple</name>
         <value>0x10475</value>
         <object_component_ref idref="oc-3a1"/>
      </symbol>
      <symbol id="sm-1799">
         <name>__aeabi_ddiv</name>
         <value>0xfa21</value>
         <object_component_ref idref="oc-39c"/>
      </symbol>
      <symbol id="sm-17a4">
         <name>__aeabi_dmul</name>
         <value>0xfecd</value>
         <object_component_ref idref="oc-397"/>
      </symbol>
      <symbol id="sm-17ae">
         <name>__aeabi_d2iz</name>
         <value>0x1095d</value>
         <object_component_ref idref="oc-3a6"/>
      </symbol>
      <symbol id="sm-17b8">
         <name>__aeabi_idiv0</name>
         <value>0x9427</value>
         <object_component_ref idref="oc-1ed"/>
      </symbol>
      <symbol id="sm-17c2">
         <name>__aeabi_i2d</name>
         <value>0x10a23</value>
         <object_component_ref idref="oc-3b1"/>
      </symbol>
      <symbol id="sm-17d1">
         <name>ltoa</name>
         <value>0x10821</value>
         <object_component_ref idref="oc-3ab"/>
      </symbol>
      <symbol id="sm-17e1">
         <name>memccpy</name>
         <value>0x10ac5</value>
         <object_component_ref idref="oc-3d3"/>
      </symbol>
      <symbol id="sm-17fc">
         <name>frexpl</name>
         <value>0x106b5</value>
         <object_component_ref idref="oc-3bb"/>
      </symbol>
      <symbol id="sm-17fd">
         <name>frexp</name>
         <value>0x106b5</value>
         <object_component_ref idref="oc-3bb"/>
      </symbol>
      <symbol id="sm-181a">
         <name>scalbn</name>
         <value>0xffc9</value>
         <object_component_ref idref="oc-3c1"/>
      </symbol>
      <symbol id="sm-181b">
         <name>scalbnl</name>
         <value>0xffc9</value>
         <object_component_ref idref="oc-3c1"/>
      </symbol>
      <symbol id="sm-181c">
         <name>ldexpl</name>
         <value>0xffc9</value>
         <object_component_ref idref="oc-3c1"/>
      </symbol>
      <symbol id="sm-181d">
         <name>ldexp</name>
         <value>0xffc9</value>
         <object_component_ref idref="oc-3c1"/>
      </symbol>
      <symbol id="sm-1827">
         <name>_system_post_cinit</name>
         <value>0x10b0f</value>
         <object_component_ref idref="oc-114"/>
      </symbol>
      <symbol id="sm-1837">
         <name>strchr</name>
         <value>0x10af9</value>
         <object_component_ref idref="oc-3c7"/>
      </symbol>
      <symbol id="sm-1853">
         <name>__aeabi_uldivmod</name>
         <value>0xf4a5</value>
         <object_component_ref idref="oc-38d"/>
      </symbol>
      <symbol id="sm-185b">
         <name>errno</name>
         <value>0x20005b6c</value>
         <object_component_ref idref="oc-47d"/>
      </symbol>
      <symbol id="sm-1865">
         <name>copysign</name>
         <value>0x10b25</value>
         <object_component_ref idref="oc-477"/>
      </symbol>
      <symbol id="sm-1866">
         <name>copysignl</name>
         <value>0x10b25</value>
         <object_component_ref idref="oc-477"/>
      </symbol>
      <symbol id="sm-1867">
         <name>__TI_static_base__</name>
         <value>0x0</value>
      </symbol>
      <symbol id="sm-186a">
         <name>SHT$$INIT_ARRAY$$Limit</name>
         <value>0x0</value>
      </symbol>
      <symbol id="sm-186b">
         <name>SHT$$INIT_ARRAY$$Base</name>
         <value>0x0</value>
      </symbol>
   </symbol_table>
   <title>Link successful</title>
</link_info>
